Archive member included to satisfy reference by file (symbol)

/opt/homebrew/Cellar/arm-none-eabi-gcc/10-2020-q4-major/gcc/bin/../lib/gcc/arm-none-eabi/10.2.1/thumb/v6-m/nofp/libgcc.a(_dvmd_tls.o)
                              CMakeFiles/PicoBoi.dir/Users/deemo/Desktop/workspace/picoWS/pico/pico-sdk/src/rp2_common/pico_divider/divider.S.obj (__aeabi_idiv0)
/opt/homebrew/Cellar/arm-none-eabi-gcc/10-2020-q4-major/gcc/bin/../lib/gcc/arm-none-eabi/10.2.1/../../../../arm-none-eabi/lib/thumb/v6-m/nofp/libg.a(lib_a-calloc.o)
                              CMakeFiles/PicoBoi.dir/Users/deemo/Desktop/workspace/picoWS/pico/pico-sdk/src/rp2_common/pico_malloc/pico_malloc.c.obj (calloc)
/opt/homebrew/Cellar/arm-none-eabi-gcc/10-2020-q4-major/gcc/bin/../lib/gcc/arm-none-eabi/10.2.1/../../../../arm-none-eabi/lib/thumb/v6-m/nofp/libg.a(lib_a-callocr.o)
                              /opt/homebrew/Cellar/arm-none-eabi-gcc/10-2020-q4-major/gcc/bin/../lib/gcc/arm-none-eabi/10.2.1/../../../../arm-none-eabi/lib/thumb/v6-m/nofp/libg.a(lib_a-calloc.o) (_calloc_r)
/opt/homebrew/Cellar/arm-none-eabi-gcc/10-2020-q4-major/gcc/bin/../lib/gcc/arm-none-eabi/10.2.1/../../../../arm-none-eabi/lib/thumb/v6-m/nofp/libg.a(lib_a-ctype_.o)
                              CMakeFiles/PicoBoi.dir/Users/deemo/Desktop/workspace/picoWS/pico/pico-sdk/lib/tinyusb/src/tusb.c.obj (_ctype_)
/opt/homebrew/Cellar/arm-none-eabi-gcc/10-2020-q4-major/gcc/bin/../lib/gcc/arm-none-eabi/10.2.1/../../../../arm-none-eabi/lib/thumb/v6-m/nofp/libg.a(lib_a-impure.o)
                              /opt/homebrew/Cellar/arm-none-eabi-gcc/10-2020-q4-major/gcc/bin/../lib/gcc/arm-none-eabi/10.2.1/../../../../arm-none-eabi/lib/thumb/v6-m/nofp/libg.a(lib_a-calloc.o) (_impure_ptr)
/opt/homebrew/Cellar/arm-none-eabi-gcc/10-2020-q4-major/gcc/bin/../lib/gcc/arm-none-eabi/10.2.1/../../../../arm-none-eabi/lib/thumb/v6-m/nofp/libg.a(lib_a-init.o)
                              /opt/homebrew/Cellar/arm-none-eabi-gcc/10-2020-q4-major/gcc/bin/../lib/gcc/arm-none-eabi/10.2.1/../../../../arm-none-eabi/lib/thumb/v6-m/nofp/crt0.o (__libc_init_array)
/opt/homebrew/Cellar/arm-none-eabi-gcc/10-2020-q4-major/gcc/bin/../lib/gcc/arm-none-eabi/10.2.1/../../../../arm-none-eabi/lib/thumb/v6-m/nofp/libg.a(lib_a-malloc.o)
                              CMakeFiles/PicoBoi.dir/Users/deemo/Desktop/workspace/picoWS/pico/pico-sdk/src/rp2_common/pico_malloc/pico_malloc.c.obj (malloc)
/opt/homebrew/Cellar/arm-none-eabi-gcc/10-2020-q4-major/gcc/bin/../lib/gcc/arm-none-eabi/10.2.1/../../../../arm-none-eabi/lib/thumb/v6-m/nofp/libg.a(lib_a-mallocr.o)
                              /opt/homebrew/Cellar/arm-none-eabi-gcc/10-2020-q4-major/gcc/bin/../lib/gcc/arm-none-eabi/10.2.1/../../../../arm-none-eabi/lib/thumb/v6-m/nofp/libg.a(lib_a-callocr.o) (_malloc_r)
/opt/homebrew/Cellar/arm-none-eabi-gcc/10-2020-q4-major/gcc/bin/../lib/gcc/arm-none-eabi/10.2.1/../../../../arm-none-eabi/lib/thumb/v6-m/nofp/libg.a(lib_a-mlock.o)
                              /opt/homebrew/Cellar/arm-none-eabi-gcc/10-2020-q4-major/gcc/bin/../lib/gcc/arm-none-eabi/10.2.1/../../../../arm-none-eabi/lib/thumb/v6-m/nofp/libg.a(lib_a-mallocr.o) (__malloc_lock)
/opt/homebrew/Cellar/arm-none-eabi-gcc/10-2020-q4-major/gcc/bin/../lib/gcc/arm-none-eabi/10.2.1/../../../../arm-none-eabi/lib/thumb/v6-m/nofp/libg.a(lib_a-realloc.o)
                              CMakeFiles/PicoBoi.dir/Users/deemo/Desktop/workspace/picoWS/pico/pico-sdk/src/rp2_common/pico_malloc/pico_malloc.c.obj (realloc)
/opt/homebrew/Cellar/arm-none-eabi-gcc/10-2020-q4-major/gcc/bin/../lib/gcc/arm-none-eabi/10.2.1/../../../../arm-none-eabi/lib/thumb/v6-m/nofp/libg.a(lib_a-reallocr.o)
                              /opt/homebrew/Cellar/arm-none-eabi-gcc/10-2020-q4-major/gcc/bin/../lib/gcc/arm-none-eabi/10.2.1/../../../../arm-none-eabi/lib/thumb/v6-m/nofp/libg.a(lib_a-realloc.o) (_realloc_r)
/opt/homebrew/Cellar/arm-none-eabi-gcc/10-2020-q4-major/gcc/bin/../lib/gcc/arm-none-eabi/10.2.1/../../../../arm-none-eabi/lib/thumb/v6-m/nofp/libg.a(lib_a-sbrkr.o)
                              /opt/homebrew/Cellar/arm-none-eabi-gcc/10-2020-q4-major/gcc/bin/../lib/gcc/arm-none-eabi/10.2.1/../../../../arm-none-eabi/lib/thumb/v6-m/nofp/libg.a(lib_a-mallocr.o) (_sbrk_r)
/opt/homebrew/Cellar/arm-none-eabi-gcc/10-2020-q4-major/gcc/bin/../lib/gcc/arm-none-eabi/10.2.1/../../../../arm-none-eabi/lib/thumb/v6-m/nofp/libg.a(lib_a-sscanf.o)
                              CMakeFiles/PicoBoi.dir/GPS.c.obj (sscanf)
/opt/homebrew/Cellar/arm-none-eabi-gcc/10-2020-q4-major/gcc/bin/../lib/gcc/arm-none-eabi/10.2.1/../../../../arm-none-eabi/lib/thumb/v6-m/nofp/libg.a(lib_a-stdio.o)
                              /opt/homebrew/Cellar/arm-none-eabi-gcc/10-2020-q4-major/gcc/bin/../lib/gcc/arm-none-eabi/10.2.1/../../../../arm-none-eabi/lib/thumb/v6-m/nofp/libg.a(lib_a-sscanf.o) (__seofread)
[...]
Memory Configuration

Name             Origin             Length             Attributes
FLASH            0x0000000010000000 0x0000000000200000 xr
RAM              0x0000000020000000 0x0000000000040000 xrw
SCRATCH_X        0x0000000020040000 0x0000000000001000 xrw
SCRATCH_Y        0x0000000020041000 0x0000000000001000 xrw
*default*        0x0000000000000000 0xffffffffffffffff

Linker script and memory map

LOAD /opt/homebrew/Cellar/arm-none-eabi-gcc/10-2020-q4-major/gcc/bin/../lib/gcc/arm-none-eabi/10.2.1/thumb/v6-m/nofp/crti.o
LOAD /opt/homebrew/Cellar/arm-none-eabi-gcc/10-2020-q4-major/gcc/bin/../lib/gcc/arm-none-eabi/10.2.1/thumb/v6-m/nofp/crtbegin.o
LOAD /opt/homebrew/Cellar/arm-none-eabi-gcc/10-2020-q4-major/gcc/bin/../lib/gcc/arm-none-eabi/10.2.1/../../../../arm-none-eabi/lib/thumb/v6-m/nofp/crt0.o

.flash_begin    0x0000000010000000        0x0
                0x0000000010000000                __flash_binary_start = .

.boot2          0x0000000010000000      0x100
                0x0000000010000000                __boot2_start__ = .
 *(.boot2)
 .boot2         0x0000000010000000      0x100 /var/folders/cq/cqm68txs2bb19051cyzl5q5h0000gn/T//ccIQ0hOP.o
                0x0000000010000100                __boot2_end__ = .
                0x0000000000000001                ASSERT (((__boot2_end__ - __boot2_start__) == 0x100), ERROR: Pico second stage bootloader must be 256 bytes in size)

.text           0x0000000010000100    0x10c78
                0x0000000010000100                __logical_binary_start = .
 *(.vectors)
 .vectors       0x0000000010000100       0xd4 CMakeFiles/PicoBoi.dir/Users/deemo/Desktop/workspace/picoWS/pico/pico-sdk/src/rp2_common/pico_standard_link/crt0.S.obj
                0x0000000010000100                __VECTOR_TABLE
                0x0000000010000100                __vectors
                0x00000000100001c0                __default_isrs_start
                0x00000000100001c0                isr_invalid
                0x00000000100001c2                isr_nmi
                0x00000000100001c4                isr_hardfault
                0x00000000100001c6                isr_svcall
                0x00000000100001c8                isr_pendsv
                0x00000000100001ca                isr_systick
                0x00000000100001cc                isr_irq28
                0x00000000100001cc                isr_irq19
                0x00000000100001cc                isr_irq0
                0x00000000100001cc                isr_irq6
                0x00000000100001cc                isr_irq22
                0x00000000100001cc                isr_irq17
                0x00000000100001cc                isr_irq14
                0x00000000100001cc                isr_irq2
                0x00000000100001cc                isr_irq10
                0x00000000100001cc                isr_irq8
                0x00000000100001cc                isr_irq24
                0x00000000100001cc                isr_irq1
                0x00000000100001cc                isr_irq7
                0x00000000100001cc                isr_irq21
                0x00000000100001cc                isr_irq20
                0x00000000100001cc                isr_irq15
                0x00000000100001cc                isr_irq25
                0x00000000100001cc                isr_irq4
                0x00000000100001cc                isr_irq16
                0x00000000100001cc                isr_irq29
                0x00000000100001cc                isr_irq26
                0x00000000100001cc                __default_isrs_end
                0x00000000100001cc                isr_irq3
                0x00000000100001cc                isr_irq9
                0x00000000100001cc                __unhandled_user_irq
                0x00000000100001cc                isr_irq13
                0x00000000100001cc                isr_irq27
                0x00000000100001cc                isr_irq31
                0x00000000100001cc                isr_irq5
                0x00000000100001cc                isr_irq11
                0x00000000100001cc                isr_irq23
                0x00000000100001cc                isr_irq18
                0x00000000100001cc                isr_irq30
                0x00000000100001cc                isr_irq12
                0x00000000100001d2                unhandled_user_irq_num_in_r0
 *(.binary_info_header)
 .binary_info_header
                0x00000000100001d4       0x14 CMakeFiles/PicoBoi.dir/Users/deemo/Desktop/workspace/picoWS/pico/pico-sdk/src/rp2_common/pico_standard_link/crt0.S.obj
                0x00000000100001e8                __binary_info_header_end = .
 *(.reset)
 .reset         0x00000000100001e8       0xa8 CMakeFiles/PicoBoi.dir/Users/deemo/Desktop/workspace/picoWS/pico/pico-sdk/src/rp2_common/pico_standard_link/crt0.S.obj
                0x00000000100001e8                _entry_point
                0x0000000010000266                __get_current_exception
 .reset         0x0000000010000290       0x30 CMakeFiles/PicoBoi.dir/Users/deemo/Desktop/workspace/picoWS/pico/pico-sdk/src/rp2_common/pico_standard_link/binary_info.c.obj
 *(.init)
 .init          0x00000000100002c0        0x4 /opt/homebrew/Cellar/arm-none-eabi-gcc/10-2020-q4-major/gcc/bin/../lib/gcc/arm-none-eabi/10.2.1/thumb/v6-m/nofp/crti.o
                0x00000000100002c0                _init
 *(EXCLUDE_FILE(*libm.a: *libc.a:*lib_a-mem*.o *libgcc.a:) .text*)
 .text          0x00000000100002c4       0x48 /opt/homebrew/Cellar/arm-none-eabi-gcc/10-2020-q4-major/gcc/bin/../lib/gcc/arm-none-eabi/10.2.1/thumb/v6-m/nofp/crtbegin.o
 .text.protothread_sched
                0x000000001000030c       0x5c CMakeFiles/PicoBoi.dir/PicoBoi.c.obj
 .text.protothread_sched1
                0x0000000010000368       0x5c CMakeFiles/PicoBoi.dir/PicoBoi.c.obj
 .text.repeating_timer_callback_core_0
                0x00000000100003c4      0x1d8 CMakeFiles/PicoBoi.dir/PicoBoi.c.obj
                0x00000000100003c4                repeating_timer_callback_core_0
 .text.on_uart_rx
                0x000000001000059c       0x88 CMakeFiles/PicoBoi.dir/PicoBoi.c.obj
                0x000000001000059c                on_uart_rx
 .text.button_cb
                0x0000000010000624      0x660 CMakeFiles/PicoBoi.dir/PicoBoi.c.obj
                0x0000000010000624                button_cb
 .text.pt_app3  0x0000000010000c84       0x54 CMakeFiles/PicoBoi.dir/PicoBoi.c.obj
 .text.pt_app2  0x0000000010000cd8       0x6c CMakeFiles/PicoBoi.dir/PicoBoi.c.obj
 .text.pt_app1  0x0000000010000d44       0x60 CMakeFiles/PicoBoi.dir/PicoBoi.c.obj
 .text.pt_app0  0x0000000010000da4       0xa8 CMakeFiles/PicoBoi.dir/PicoBoi.c.obj
 .text.pt_drawslr
                0x0000000010000e4c       0x70 CMakeFiles/PicoBoi.dir/PicoBoi.c.obj
 .text.pt_add   0x0000000010000ebc       0x38 CMakeFiles/PicoBoi.dir/PicoBoi.c.obj
                0x0000000010000ebc                pt_add
 .text.pt_add1  0x0000000010000ef4       0x38 CMakeFiles/PicoBoi.dir/PicoBoi.c.obj
                0x0000000010000ef4                pt_add1
 .text.main     0x0000000010000f2c      0x238 CMakeFiles/PicoBoi.dir/PicoBoi.c.obj
                0x0000000010000f2c                main
 .text.pioPinHandler
                0x0000000010001164       0x1c CMakeFiles/PicoBoi.dir/TFT/TFTMaster.c.obj
                0x0000000010001164                pioPinHandler
 .text.tft_init_hw
                0x0000000010001180      0x1cc CMakeFiles/PicoBoi.dir/TFT/TFTMaster.c.obj
                0x0000000010001180                tft_init_hw
 .text.tft_spiwrite8
                0x000000001000134c       0x1c CMakeFiles/PicoBoi.dir/TFT/TFTMaster.c.obj
                0x000000001000134c                tft_spiwrite8
 .text.tft_spiwrite16
                0x0000000010001368       0x3c CMakeFiles/PicoBoi.dir/TFT/TFTMaster.c.obj
                0x0000000010001368                tft_spiwrite16
 .text.tft_writecommand
                0x00000000100013a4       0x34 CMakeFiles/PicoBoi.dir/TFT/TFTMaster.c.obj
                0x00000000100013a4                tft_writecommand
 .text.tft_writedata
                0x00000000100013d8       0x34 CMakeFiles/PicoBoi.dir/TFT/TFTMaster.c.obj
                0x00000000100013d8                tft_writedata
 .text.tft_writedata16
                0x000000001000140c       0x34 CMakeFiles/PicoBoi.dir/TFT/TFTMaster.c.obj
                0x000000001000140c                tft_writedata16
 .text.tft_begin
                0x0000000010001440      0x24c CMakeFiles/PicoBoi.dir/TFT/TFTMaster.c.obj
                0x0000000010001440                tft_begin
 .text.tft_drawPixel
                0x000000001000168c      0x9c0 CMakeFiles/PicoBoi.dir/TFT/TFTMaster.c.obj
                0x000000001000168c                tft_drawPixel
 .text.tft_setAddrWindow
                0x000000001000204c       0x36 CMakeFiles/PicoBoi.dir/TFT/TFTMaster.c.obj
                0x000000001000204c                tft_setAddrWindow
 *fill*         0x0000000010002082        0x2 
 .text.tft_drawFastVLine
                0x0000000010002084       0x7c CMakeFiles/PicoBoi.dir/TFT/TFTMaster.c.obj
                0x0000000010002084                tft_drawFastVLine
 .text.tft_drawFastHLine
                0x0000000010002100       0x7c CMakeFiles/PicoBoi.dir/TFT/TFTMaster.c.obj
                0x0000000010002100                tft_drawFastHLine
 .text.tft_fillRect
                0x000000001000217c       0xa4 CMakeFiles/PicoBoi.dir/TFT/TFTMaster.c.obj
                0x000000001000217c                tft_fillRect
 .text.tft_fillScreen
                0x0000000010002220       0x28 CMakeFiles/PicoBoi.dir/TFT/TFTMaster.c.obj
                0x0000000010002220                tft_fillScreen
 .text.tft_fillCircleHelper
                0x0000000010002248      0x134 CMakeFiles/PicoBoi.dir/TFT/TFTMaster.c.obj
                0x0000000010002248                tft_fillCircleHelper
 .text.tft_fillCircle
                0x000000001000237c       0x38 CMakeFiles/PicoBoi.dir/TFT/TFTMaster.c.obj
                0x000000001000237c                tft_fillCircle
 .text.tft_drawRect
                0x00000000100023b4       0x4e CMakeFiles/PicoBoi.dir/TFT/TFTMaster.c.obj
                0x00000000100023b4                tft_drawRect
 *fill*         0x0000000010002402        0x2 
 .text.tft_drawBitmap
                0x0000000010002404      0x100 CMakeFiles/PicoBoi.dir/TFT/TFTMaster.c.obj
                0x0000000010002404                tft_drawBitmap
 .text.tft_drawChar
                0x0000000010002504      0x108 CMakeFiles/PicoBoi.dir/TFT/TFTMaster.c.obj
                0x0000000010002504                tft_drawChar
 .text.tft_write
                0x000000001000260c       0xb8 CMakeFiles/PicoBoi.dir/TFT/TFTMaster.c.obj
                0x000000001000260c                tft_write
 .text.tft_writeString
                0x00000000100026c4       0x14 CMakeFiles/PicoBoi.dir/TFT/TFTMaster.c.obj
                0x00000000100026c4                tft_writeString
 .text.tft_setCursor
                0x00000000100026d8       0x14 CMakeFiles/PicoBoi.dir/TFT/TFTMaster.c.obj
                0x00000000100026d8                tft_setCursor
 .text.tft_setTextSize
                0x00000000100026ec       0x14 CMakeFiles/PicoBoi.dir/TFT/TFTMaster.c.obj
                0x00000000100026ec                tft_setTextSize
 .text.tft_setTextColor
                0x0000000010002700       0x14 CMakeFiles/PicoBoi.dir/TFT/TFTMaster.c.obj
                0x0000000010002700                tft_setTextColor
 .text.tft_setTextColor2
                0x0000000010002714       0x14 CMakeFiles/PicoBoi.dir/TFT/TFTMaster.c.obj
                0x0000000010002714                tft_setTextColor2
 .text.draw_menu
                0x0000000010002728       0x98 CMakeFiles/PicoBoi.dir/menu.c.obj
                0x0000000010002728                draw_menu
 .text.draw_setting
                0x00000000100027c0       0x9c CMakeFiles/PicoBoi.dir/menu.c.obj
                0x00000000100027c0                draw_setting
 .text.draw_map
                0x000000001000285c       0x28 CMakeFiles/PicoBoi.dir/menu.c.obj
                0x000000001000285c                draw_map
 .text.removeAllSelector
                0x0000000010002884       0x86 CMakeFiles/PicoBoi.dir/menu.c.obj
                0x0000000010002884                removeAllSelector
 .text.draw_Selector
                0x000000001000290a       0xc6 CMakeFiles/PicoBoi.dir/menu.c.obj
                0x000000001000290a                draw_Selector
 .text.ROrand   0x00000000100029d0       0x24 CMakeFiles/PicoBoi.dir/snake.c.obj
                0x00000000100029d0                ROrand
 .text.draw_snake
                0x00000000100029f4       0x1c CMakeFiles/PicoBoi.dir/snake.c.obj
                0x00000000100029f4                draw_snake
 .text.remove_snake
                0x0000000010002a10       0x1e CMakeFiles/PicoBoi.dir/snake.c.obj
                0x0000000010002a10                remove_snake
 *fill*         0x0000000010002a2e        0x2 
 .text.is_over  0x0000000010002a30       0xa4 CMakeFiles/PicoBoi.dir/snake.c.obj
                0x0000000010002a30                is_over
 .text.hit_food
                0x0000000010002ad4       0x6c CMakeFiles/PicoBoi.dir/snake.c.obj
                0x0000000010002ad4                hit_food
 .text.spawn_food
                0x0000000010002b40       0x22 CMakeFiles/PicoBoi.dir/snake.c.obj
                0x0000000010002b40                spawn_food
 *fill*         0x0000000010002b62        0x2 
 .text.draw_food
                0x0000000010002b64       0x1c CMakeFiles/PicoBoi.dir/snake.c.obj
                0x0000000010002b64                draw_food
 .text.remove_food
                0x0000000010002b80       0xd4 CMakeFiles/PicoBoi.dir/snake.c.obj
                0x0000000010002b80                remove_food
 .text.spawn_snake
                0x0000000010002c54       0x34 CMakeFiles/PicoBoi.dir/snake.c.obj
                0x0000000010002c54                spawn_snake
 .text.update_snake
                0x0000000010002c88      0x26c CMakeFiles/PicoBoi.dir/snake.c.obj
                0x0000000010002c88                update_snake
 .text.draw_boundary
                0x0000000010002ef4       0x20 CMakeFiles/PicoBoi.dir/snake.c.obj
                0x0000000010002ef4                draw_boundary
 .text.draw_gameover
                0x0000000010002f14       0x88 CMakeFiles/PicoBoi.dir/snake.c.obj
                0x0000000010002f14                draw_gameover
 .text.buffer_shift
                0x0000000010002f9c       0x30 CMakeFiles/PicoBoi.dir/GPS.c.obj
                0x0000000010002f9c                buffer_shift
 .text.check_GNRMC
                0x0000000010002fcc       0x38 CMakeFiles/PicoBoi.dir/GPS.c.obj
                0x0000000010002fcc                check_GNRMC
 .text.get_time
                0x0000000010003004       0x74 CMakeFiles/PicoBoi.dir/GPS.c.obj
                0x0000000010003004                get_time
 .text.get_fix_status
                0x0000000010003078       0x38 CMakeFiles/PicoBoi.dir/GPS.c.obj
                0x0000000010003078                get_fix_status
 .text.dm2rad   0x00000000100030b0       0x4c CMakeFiles/PicoBoi.dir/GPS.c.obj
                0x00000000100030b0                dm2rad
 .text.get_loc  0x00000000100030fc       0xa0 CMakeFiles/PicoBoi.dir/GPS.c.obj
                0x00000000100030fc                get_loc
 .text.draw_me  0x000000001000319c       0x88 CMakeFiles/PicoBoi.dir/GPS.c.obj
                0x000000001000319c                draw_me
 .text.draw_time_fix
                0x0000000010003224       0xa0 CMakeFiles/PicoBoi.dir/GPS.c.obj
                0x0000000010003224                draw_time_fix
 .text.gpio_set_function
                0x00000000100032c4       0x30 CMakeFiles/PicoBoi.dir/Users/deemo/Desktop/workspace/picoWS/pico/pico-sdk/src/rp2_common/hardware_gpio/gpio.c.obj
                0x00000000100032c4                gpio_set_function
 .text.gpio_set_outover
                0x00000000100032f4       0x24 CMakeFiles/PicoBoi.dir/Users/deemo/Desktop/workspace/picoWS/pico/pico-sdk/src/rp2_common/hardware_gpio/gpio.c.obj
                0x00000000100032f4                gpio_set_outover
 .text.gpio_set_irq_callback
                0x0000000010003318       0x48 CMakeFiles/PicoBoi.dir/Users/deemo/Desktop/workspace/picoWS/pico/pico-sdk/src/rp2_common/hardware_gpio/gpio.c.obj
                0x0000000010003318                gpio_set_irq_callback
 .text.gpio_acknowledge_irq
                0x0000000010003360       0x18 CMakeFiles/PicoBoi.dir/Users/deemo/Desktop/workspace/picoWS/pico/pico-sdk/src/rp2_common/hardware_gpio/gpio.c.obj
                0x0000000010003360                gpio_acknowledge_irq
 .text._gpio_set_irq_enabled
                0x0000000010003378       0x34 CMakeFiles/PicoBoi.dir/Users/deemo/Desktop/workspace/picoWS/pico/pico-sdk/src/rp2_common/hardware_gpio/gpio.c.obj
 .text.gpio_set_irq_enabled
                0x00000000100033ac       0x20 CMakeFiles/PicoBoi.dir/Users/deemo/Desktop/workspace/picoWS/pico/pico-sdk/src/rp2_common/hardware_gpio/gpio.c.obj
                0x00000000100033ac                gpio_set_irq_enabled
 .text.gpio_set_irq_enabled_with_callback
                0x00000000100033cc       0x20 CMakeFiles/PicoBoi.dir/Users/deemo/Desktop/workspace/picoWS/pico/pico-sdk/src/rp2_common/hardware_gpio/gpio.c.obj
                0x00000000100033cc                gpio_set_irq_enabled_with_callback
 .text.gpio_default_irq_handler
                0x00000000100033ec       0x98 CMakeFiles/PicoBoi.dir/Users/deemo/Desktop/workspace/picoWS/pico/pico-sdk/src/rp2_common/hardware_gpio/gpio.c.obj
 .text.gpio_init
                0x0000000010003484       0x16 CMakeFiles/PicoBoi.dir/Users/deemo/Desktop/workspace/picoWS/pico/pico-sdk/src/rp2_common/hardware_gpio/gpio.c.obj
                0x0000000010003484                gpio_init
 *fill*         0x000000001000349a        0x2 
 .text.hw_claim_lock
                0x000000001000349c       0x18 CMakeFiles/PicoBoi.dir/Users/deemo/Desktop/workspace/picoWS/pico/pico-sdk/src/rp2_common/hardware_claim/claim.c.obj
                0x000000001000349c                hw_claim_lock
 .text.hw_claim_unlock
                0x00000000100034b4       0x14 CMakeFiles/PicoBoi.dir/Users/deemo/Desktop/workspace/picoWS/pico/pico-sdk/src/rp2_common/hardware_claim/claim.c.obj
                0x00000000100034b4                hw_claim_unlock
 .text.hw_claim_or_assert
                0x00000000100034c8       0x32 CMakeFiles/PicoBoi.dir/Users/deemo/Desktop/workspace/picoWS/pico/pico-sdk/src/rp2_common/hardware_claim/claim.c.obj
                0x00000000100034c8                hw_claim_or_assert
 .text.hw_claim_unused_from_range
                0x00000000100034fa       0x50 CMakeFiles/PicoBoi.dir/Users/deemo/Desktop/workspace/picoWS/pico/pico-sdk/src/rp2_common/hardware_claim/claim.c.obj
                0x00000000100034fa                hw_claim_unused_from_range
 *fill*         0x000000001000354a        0x2 
 .text.running_on_fpga
                0x000000001000354c       0x14 CMakeFiles/PicoBoi.dir/Users/deemo/Desktop/workspace/picoWS/pico/pico-sdk/src/rp2_common/pico_platform/platform.c.obj
                0x000000001000354c                running_on_fpga
 .text.spin_locks_reset
                0x0000000010003560       0x20 CMakeFiles/PicoBoi.dir/Users/deemo/Desktop/workspace/picoWS/pico/pico-sdk/src/rp2_common/hardware_sync/sync.c.obj
                0x0000000010003560                spin_locks_reset
 .text.next_striped_spin_lock_num
                0x0000000010003580       0x1c CMakeFiles/PicoBoi.dir/Users/deemo/Desktop/workspace/picoWS/pico/pico-sdk/src/rp2_common/hardware_sync/sync.c.obj
                0x0000000010003580                next_striped_spin_lock_num
 .text.spin_lock_claim_unused
                0x000000001000359c       0x20 CMakeFiles/PicoBoi.dir/Users/deemo/Desktop/workspace/picoWS/pico/pico-sdk/src/rp2_common/hardware_sync/sync.c.obj
                0x000000001000359c                spin_lock_claim_unused
 .text.set_raw_irq_handler_and_unlock
                0x00000000100035bc       0x28 CMakeFiles/PicoBoi.dir/Users/deemo/Desktop/workspace/picoWS/pico/pico-sdk/src/rp2_common/hardware_irq/irq.c.obj
 .text.make_branch
                0x00000000100035e4       0x48 CMakeFiles/PicoBoi.dir/Users/deemo/Desktop/workspace/picoWS/pico/pico-sdk/src/rp2_common/hardware_irq/irq.c.obj
 .text.insert_branch_and_link
                0x000000001000362c       0x40 CMakeFiles/PicoBoi.dir/Users/deemo/Desktop/workspace/picoWS/pico/pico-sdk/src/rp2_common/hardware_irq/irq.c.obj
 .text.irq_is_enabled
                0x000000001000366c       0x18 CMakeFiles/PicoBoi.dir/Users/deemo/Desktop/workspace/picoWS/pico/pico-sdk/src/rp2_common/hardware_irq/irq.c.obj
                0x000000001000366c                irq_is_enabled
 .text.irq_set_mask_enabled
                0x0000000010003684       0x20 CMakeFiles/PicoBoi.dir/Users/deemo/Desktop/workspace/picoWS/pico/pico-sdk/src/rp2_common/hardware_irq/irq.c.obj
                0x0000000010003684                irq_set_mask_enabled
 .text.irq_set_enabled
                0x00000000100036a4        0xe CMakeFiles/PicoBoi.dir/Users/deemo/Desktop/workspace/picoWS/pico/pico-sdk/src/rp2_common/hardware_irq/irq.c.obj
                0x00000000100036a4                irq_set_enabled
 *fill*         0x00000000100036b2        0x2 
 .text.irq_set_pending
                0x00000000100036b4       0x10 CMakeFiles/PicoBoi.dir/Users/deemo/Desktop/workspace/picoWS/pico/pico-sdk/src/rp2_common/hardware_irq/irq.c.obj
                0x00000000100036b4                irq_set_pending
 .text.irq_get_vtable_handler
                0x00000000100036c4       0x10 CMakeFiles/PicoBoi.dir/Users/deemo/Desktop/workspace/picoWS/pico/pico-sdk/src/rp2_common/hardware_irq/irq.c.obj
                0x00000000100036c4                irq_get_vtable_handler
 .text.irq_has_shared_handler
                0x00000000100036d4       0x24 CMakeFiles/PicoBoi.dir/Users/deemo/Desktop/workspace/picoWS/pico/pico-sdk/src/rp2_common/hardware_irq/irq.c.obj
                0x00000000100036d4                irq_has_shared_handler
 .text.irq_set_exclusive_handler
                0x00000000100036f8       0x54 CMakeFiles/PicoBoi.dir/Users/deemo/Desktop/workspace/picoWS/pico/pico-sdk/src/rp2_common/hardware_irq/irq.c.obj
                0x00000000100036f8                irq_set_exclusive_handler
 .text.irq_add_shared_handler
                0x000000001000374c      0x230 CMakeFiles/PicoBoi.dir/Users/deemo/Desktop/workspace/picoWS/pico/pico-sdk/src/rp2_common/hardware_irq/irq.c.obj
                0x000000001000374c                irq_add_shared_handler
 .text.irq_remove_handler
                0x000000001000397c      0x1a8 CMakeFiles/PicoBoi.dir/Users/deemo/Desktop/workspace/picoWS/pico/pico-sdk/src/rp2_common/hardware_irq/irq.c.obj
                0x000000001000397c                irq_remove_handler
 .text.irq_add_tail_to_free_list
                0x0000000010003b24       0xf0 CMakeFiles/PicoBoi.dir/Users/deemo/Desktop/workspace/picoWS/pico/pico-sdk/src/rp2_common/hardware_irq/irq.c.obj
                0x0000000010003b24                irq_add_tail_to_free_list
 .text.irq_init_priorities
                0x0000000010003c14       0x1c CMakeFiles/PicoBoi.dir/Users/deemo/Desktop/workspace/picoWS/pico/pico-sdk/src/rp2_common/hardware_irq/irq.c.obj
                0x0000000010003c14                irq_init_priorities
 .text.user_irq_claim_unused
                0x0000000010003c30       0x30 CMakeFiles/PicoBoi.dir/Users/deemo/Desktop/workspace/picoWS/pico/pico-sdk/src/rp2_common/hardware_irq/irq.c.obj
                0x0000000010003c30                user_irq_claim_unused
 .text.lock_init
                0x0000000010003c60       0x10 CMakeFiles/PicoBoi.dir/Users/deemo/Desktop/workspace/picoWS/pico/pico-sdk/src/common/pico_sync/lock_core.c.obj
                0x0000000010003c60                lock_init
 .text.repeating_timer_callback
                0x0000000010003c70       0x40 CMakeFiles/PicoBoi.dir/Users/deemo/Desktop/workspace/picoWS/pico/pico-sdk/src/common/pico_time/time.c.obj
 .text.alarm_pool_post_alloc_init
                0x0000000010003cb0       0x40 CMakeFiles/PicoBoi.dir/Users/deemo/Desktop/workspace/picoWS/pico/pico-sdk/src/common/pico_time/time.c.obj
 .text.sleep_until_callback
                0x0000000010003cf0       0x30 CMakeFiles/PicoBoi.dir/Users/deemo/Desktop/workspace/picoWS/pico/pico-sdk/src/common/pico_time/time.c.obj
 .text.timer_pool_entry_comparator
                0x0000000010003d20       0x7c CMakeFiles/PicoBoi.dir/Users/deemo/Desktop/workspace/picoWS/pico/pico-sdk/src/common/pico_time/time.c.obj
                0x0000000010003d20                timer_pool_entry_comparator
 .text.ph_add_child_node
                0x0000000010003d9c       0xa4 CMakeFiles/PicoBoi.dir/Users/deemo/Desktop/workspace/picoWS/pico/pico-sdk/src/common/pico_time/time.c.obj
 .text.ph_merge_nodes
                0x0000000010003e40       0x3e CMakeFiles/PicoBoi.dir/Users/deemo/Desktop/workspace/picoWS/pico/pico-sdk/src/common/pico_time/time.c.obj
 *fill*         0x0000000010003e7e        0x2 
 .text.add_alarm_under_lock
                0x0000000010003e80      0x174 CMakeFiles/PicoBoi.dir/Users/deemo/Desktop/workspace/picoWS/pico/pico-sdk/src/common/pico_time/time.c.obj
 .text.alarm_pool_alarm_callback
                0x0000000010003ff4      0x328 CMakeFiles/PicoBoi.dir/Users/deemo/Desktop/workspace/picoWS/pico/pico-sdk/src/common/pico_time/time.c.obj
 .text.alarm_pool_init_default
                0x000000001000431c       0x38 CMakeFiles/PicoBoi.dir/Users/deemo/Desktop/workspace/picoWS/pico/pico-sdk/src/common/pico_time/time.c.obj
                0x000000001000431c                alarm_pool_init_default
 .text.alarm_pool_get_default
                0x0000000010004354       0x2c CMakeFiles/PicoBoi.dir/Users/deemo/Desktop/workspace/picoWS/pico/pico-sdk/src/common/pico_time/time.c.obj
                0x0000000010004354                alarm_pool_get_default
 .text.alarm_pool_add_alarm_at
                0x0000000010004380      0x170 CMakeFiles/PicoBoi.dir/Users/deemo/Desktop/workspace/picoWS/pico/pico-sdk/src/common/pico_time/time.c.obj
                0x0000000010004380                alarm_pool_add_alarm_at
 .text.alarm_pool_cancel_alarm
                0x00000000100044f0       0xf0 CMakeFiles/PicoBoi.dir/Users/deemo/Desktop/workspace/picoWS/pico/pico-sdk/src/common/pico_time/time.c.obj
                0x00000000100044f0                alarm_pool_cancel_alarm
 .text.alarm_pool_add_repeating_timer_us
                0x00000000100045e0       0x9c CMakeFiles/PicoBoi.dir/Users/deemo/Desktop/workspace/picoWS/pico/pico-sdk/src/common/pico_time/time.c.obj
                0x00000000100045e0                alarm_pool_add_repeating_timer_us
 .text.sleep_until
                0x000000001000467c       0xfc CMakeFiles/PicoBoi.dir/Users/deemo/Desktop/workspace/picoWS/pico/pico-sdk/src/common/pico_time/time.c.obj
                0x000000001000467c                sleep_until
 .text.sleep_us
                0x0000000010004778       0x58 CMakeFiles/PicoBoi.dir/Users/deemo/Desktop/workspace/picoWS/pico/pico-sdk/src/common/pico_time/time.c.obj
                0x0000000010004778                sleep_us
 .text.sleep_ms
                0x00000000100047d0       0x14 CMakeFiles/PicoBoi.dir/Users/deemo/Desktop/workspace/picoWS/pico/pico-sdk/src/common/pico_time/time.c.obj
                0x00000000100047d0                sleep_ms
 .text.best_effort_wfe_or_timeout
                0x00000000100047e4       0x80 CMakeFiles/PicoBoi.dir/Users/deemo/Desktop/workspace/picoWS/pico/pico-sdk/src/common/pico_time/time.c.obj
                0x00000000100047e4                best_effort_wfe_or_timeout
 .text.hardware_alarm_irq_handler
                0x0000000010004864       0x8c CMakeFiles/PicoBoi.dir/Users/deemo/Desktop/workspace/picoWS/pico/pico-sdk/src/rp2_common/hardware_timer/timer.c.obj
 .text.hardware_alarm_claim
                0x00000000100048f0       0x18 CMakeFiles/PicoBoi.dir/Users/deemo/Desktop/workspace/picoWS/pico/pico-sdk/src/rp2_common/hardware_timer/timer.c.obj
                0x00000000100048f0                hardware_alarm_claim
 .text.time_us_64
                0x0000000010004908       0x18 CMakeFiles/PicoBoi.dir/Users/deemo/Desktop/workspace/picoWS/pico/pico-sdk/src/rp2_common/hardware_timer/timer.c.obj
                0x0000000010004908                time_us_64
 .text.busy_wait_until
                0x0000000010004920       0x28 CMakeFiles/PicoBoi.dir/Users/deemo/Desktop/workspace/picoWS/pico/pico-sdk/src/rp2_common/hardware_timer/timer.c.obj
                0x0000000010004920                busy_wait_until
 .text.busy_wait_us
                0x0000000010004948       0x48 CMakeFiles/PicoBoi.dir/Users/deemo/Desktop/workspace/picoWS/pico/pico-sdk/src/rp2_common/hardware_timer/timer.c.obj
                0x0000000010004948                busy_wait_us
 .text.hardware_alarm_set_callback
                0x0000000010004990       0x90 CMakeFiles/PicoBoi.dir/Users/deemo/Desktop/workspace/picoWS/pico/pico-sdk/src/rp2_common/hardware_timer/timer.c.obj
                0x0000000010004990                hardware_alarm_set_callback
 .text.hardware_alarm_set_target
                0x0000000010004a20       0xe8 CMakeFiles/PicoBoi.dir/Users/deemo/Desktop/workspace/picoWS/pico/pico-sdk/src/rp2_common/hardware_timer/timer.c.obj
                0x0000000010004a20                hardware_alarm_set_target
 .text.hardware_alarm_cancel
                0x0000000010004b08       0x40 CMakeFiles/PicoBoi.dir/Users/deemo/Desktop/workspace/picoWS/pico/pico-sdk/src/rp2_common/hardware_timer/timer.c.obj
                0x0000000010004b08                hardware_alarm_cancel
 .text.ph_add_child_node
                0x0000000010004b48       0xa4 CMakeFiles/PicoBoi.dir/Users/deemo/Desktop/workspace/picoWS/pico/pico-sdk/src/common/pico_util/pheap.c.obj
 .text.ph_merge_nodes
                0x0000000010004bec       0x3e CMakeFiles/PicoBoi.dir/Users/deemo/Desktop/workspace/picoWS/pico/pico-sdk/src/common/pico_util/pheap.c.obj
 *fill*         0x0000000010004c2a        0x2 
 .text.ph_clear
                0x0000000010004c2c       0x70 CMakeFiles/PicoBoi.dir/Users/deemo/Desktop/workspace/picoWS/pico/pico-sdk/src/common/pico_util/pheap.c.obj
                0x0000000010004c2c                ph_clear
 .text.ph_post_alloc_init
                0x0000000010004c9c        0xe CMakeFiles/PicoBoi.dir/Users/deemo/Desktop/workspace/picoWS/pico/pico-sdk/src/common/pico_util/pheap.c.obj
                0x0000000010004c9c                ph_post_alloc_init
 *fill*         0x0000000010004caa        0x2 
 .text.ph_merge_two_pass
                0x0000000010004cac       0xa8 CMakeFiles/PicoBoi.dir/Users/deemo/Desktop/workspace/picoWS/pico/pico-sdk/src/common/pico_util/pheap.c.obj
                0x0000000010004cac                ph_merge_two_pass
 .text.ph_remove_any_head
                0x0000000010004d54      0x108 CMakeFiles/PicoBoi.dir/Users/deemo/Desktop/workspace/picoWS/pico/pico-sdk/src/common/pico_util/pheap.c.obj
 .text.ph_remove_head
                0x0000000010004e5c       0x14 CMakeFiles/PicoBoi.dir/Users/deemo/Desktop/workspace/picoWS/pico/pico-sdk/src/common/pico_util/pheap.c.obj
                0x0000000010004e5c                ph_remove_head
 .text.ph_remove_and_free_node
                0x0000000010004e70       0xf8 CMakeFiles/PicoBoi.dir/Users/deemo/Desktop/workspace/picoWS/pico/pico-sdk/src/common/pico_util/pheap.c.obj
                0x0000000010004e70                ph_remove_and_free_node
 .text.mutex_init
                0x0000000010004f68       0x1a CMakeFiles/PicoBoi.dir/Users/deemo/Desktop/workspace/picoWS/pico/pico-sdk/src/common/pico_sync/mutex.c.obj
                0x0000000010004f68                mutex_init
 .text.recursive_mutex_init
                0x0000000010004f82       0x1e CMakeFiles/PicoBoi.dir/Users/deemo/Desktop/workspace/picoWS/pico/pico-sdk/src/common/pico_sync/mutex.c.obj
                0x0000000010004f82                recursive_mutex_init
 .text.critical_section_init_with_lock_num
                0x0000000010004fa0       0x14 CMakeFiles/PicoBoi.dir/Users/deemo/Desktop/workspace/picoWS/pico/pico-sdk/src/common/pico_sync/critical_section.c.obj
                0x0000000010004fa0                critical_section_init_with_lock_num
 .text.critical_section_init
                0x0000000010004fb4       0x14 CMakeFiles/PicoBoi.dir/Users/deemo/Desktop/workspace/picoWS/pico/pico-sdk/src/common/pico_sync/critical_section.c.obj
                0x0000000010004fb4                critical_section_init
 .text.uart_set_baudrate
                0x0000000010004fc8       0x5c CMakeFiles/PicoBoi.dir/Users/deemo/Desktop/workspace/picoWS/pico/pico-sdk/src/rp2_common/hardware_uart/uart.c.obj
                0x0000000010004fc8                uart_set_baudrate
 .text.uart_set_translate_crlf
                0x0000000010005024       0x28 CMakeFiles/PicoBoi.dir/Users/deemo/Desktop/workspace/picoWS/pico/pico-sdk/src/rp2_common/hardware_uart/uart.c.obj
                0x0000000010005024                uart_set_translate_crlf
 .text.uart_init
                0x000000001000504c       0x80 CMakeFiles/PicoBoi.dir/Users/deemo/Desktop/workspace/picoWS/pico/pico-sdk/src/rp2_common/hardware_uart/uart.c.obj
                0x000000001000504c                uart_init
 .text._exit    0x00000000100050cc        0x4 CMakeFiles/PicoBoi.dir/Users/deemo/Desktop/workspace/picoWS/pico/pico-sdk/src/rp2_common/pico_runtime/runtime.c.obj
                0x00000000100050cc                _exit
 .text._sbrk    0x00000000100050d0       0x38 CMakeFiles/PicoBoi.dir/Users/deemo/Desktop/workspace/picoWS/pico/pico-sdk/src/rp2_common/pico_runtime/runtime.c.obj
                0x00000000100050d0                _sbrk
 .text.exit     0x0000000010005108        0x6 CMakeFiles/PicoBoi.dir/Users/deemo/Desktop/workspace/picoWS/pico/pico-sdk/src/rp2_common/pico_runtime/runtime.c.obj
                0x0000000010005108                exit
 *fill*         0x000000001000510e        0x2 
 .text.__assert_func
                0x0000000010005110       0x3c CMakeFiles/PicoBoi.dir/Users/deemo/Desktop/workspace/picoWS/pico/pico-sdk/src/rp2_common/pico_runtime/runtime.c.obj
                0x0000000010005110                __assert_func
 .text.runtime_init
                0x000000001000514c       0xf8 CMakeFiles/PicoBoi.dir/Users/deemo/Desktop/workspace/picoWS/pico/pico-sdk/src/rp2_common/pico_runtime/runtime.c.obj
                0x000000001000514c                runtime_init
 .text.panic    0x0000000010005244       0x30 CMakeFiles/PicoBoi.dir/Users/deemo/Desktop/workspace/picoWS/pico/pico-sdk/src/rp2_common/pico_runtime/runtime.c.obj
                0x0000000010005244                panic
 .text.clock_configure
                0x0000000010005274      0x104 CMakeFiles/PicoBoi.dir/Users/deemo/Desktop/workspace/picoWS/pico/pico-sdk/src/rp2_common/hardware_clocks/clocks.c.obj
                0x0000000010005274                clock_configure
 .text.clocks_init
                0x0000000010005378      0x100 CMakeFiles/PicoBoi.dir/Users/deemo/Desktop/workspace/picoWS/pico/pico-sdk/src/rp2_common/hardware_clocks/clocks.c.obj
                0x0000000010005378                clocks_init
 .text.clock_get_hz
                0x0000000010005478        0xc CMakeFiles/PicoBoi.dir/Users/deemo/Desktop/workspace/picoWS/pico/pico-sdk/src/rp2_common/hardware_clocks/clocks.c.obj
                0x0000000010005478                clock_get_hz
 .text.pll_init
                0x0000000010005484      0x140 CMakeFiles/PicoBoi.dir/Users/deemo/Desktop/workspace/picoWS/pico/pico-sdk/src/rp2_common/hardware_pll/pll.c.obj
                0x0000000010005484                pll_init
 .text.watchdog_start_tick
                0x00000000100055c4       0x10 CMakeFiles/PicoBoi.dir/Users/deemo/Desktop/workspace/picoWS/pico/pico-sdk/src/rp2_common/hardware_watchdog/watchdog.c.obj
                0x00000000100055c4                watchdog_start_tick
 .text.watchdog_update
                0x00000000100055d4       0x14 CMakeFiles/PicoBoi.dir/Users/deemo/Desktop/workspace/picoWS/pico/pico-sdk/src/rp2_common/hardware_watchdog/watchdog.c.obj
                0x00000000100055d4                watchdog_update
 .text._watchdog_enable
                0x00000000100055e8       0x78 CMakeFiles/PicoBoi.dir/Users/deemo/Desktop/workspace/picoWS/pico/pico-sdk/src/rp2_common/hardware_watchdog/watchdog.c.obj
                0x00000000100055e8                _watchdog_enable
 .text.watchdog_reboot
                0x0000000010005660       0x48 CMakeFiles/PicoBoi.dir/Users/deemo/Desktop/workspace/picoWS/pico/pico-sdk/src/rp2_common/hardware_watchdog/watchdog.c.obj
                0x0000000010005660                watchdog_reboot
 .text.xosc_init
                0x00000000100056a8       0x28 CMakeFiles/PicoBoi.dir/Users/deemo/Desktop/workspace/picoWS/pico/pico-sdk/src/rp2_common/hardware_xosc/xosc.c.obj
                0x00000000100056a8                xosc_init
 .text._out_buffer
                0x00000000100056d0        0x8 CMakeFiles/PicoBoi.dir/Users/deemo/Desktop/workspace/picoWS/pico/pico-sdk/src/rp2_common/pico_printf/printf.c.obj
 .text._out_null
                0x00000000100056d8        0x2 CMakeFiles/PicoBoi.dir/Users/deemo/Desktop/workspace/picoWS/pico/pico-sdk/src/rp2_common/pico_printf/printf.c.obj
 .text._out_fct
                0x00000000100056da        0xe CMakeFiles/PicoBoi.dir/Users/deemo/Desktop/workspace/picoWS/pico/pico-sdk/src/rp2_common/pico_printf/printf.c.obj
 .text._atoi    0x00000000100056e8       0x24 CMakeFiles/PicoBoi.dir/Users/deemo/Desktop/workspace/picoWS/pico/pico-sdk/src/rp2_common/pico_printf/printf.c.obj
 .text._out_rev
                0x000000001000570c       0xae CMakeFiles/PicoBoi.dir/Users/deemo/Desktop/workspace/picoWS/pico/pico-sdk/src/rp2_common/pico_printf/printf.c.obj
 .text._ntoa_format
                0x00000000100057ba      0x112 CMakeFiles/PicoBoi.dir/Users/deemo/Desktop/workspace/picoWS/pico/pico-sdk/src/rp2_common/pico_printf/printf.c.obj
 .text._ntoa_long
                0x00000000100058cc       0xbc CMakeFiles/PicoBoi.dir/Users/deemo/Desktop/workspace/picoWS/pico/pico-sdk/src/rp2_common/pico_printf/printf.c.obj
 .text._ntoa_long_long
                0x0000000010005988       0xe2 CMakeFiles/PicoBoi.dir/Users/deemo/Desktop/workspace/picoWS/pico/pico-sdk/src/rp2_common/pico_printf/printf.c.obj
 *fill*         0x0000000010005a6a        0x2 
 .text._etoa    0x0000000010005a6c      0x414 CMakeFiles/PicoBoi.dir/Users/deemo/Desktop/workspace/picoWS/pico/pico-sdk/src/rp2_common/pico_printf/printf.c.obj
 .text._ftoa    0x0000000010005e80      0x354 CMakeFiles/PicoBoi.dir/Users/deemo/Desktop/workspace/picoWS/pico/pico-sdk/src/rp2_common/pico_printf/printf.c.obj
 .text._vsnprintf
                0x00000000100061d4      0x624 CMakeFiles/PicoBoi.dir/Users/deemo/Desktop/workspace/picoWS/pico/pico-sdk/src/rp2_common/pico_printf/printf.c.obj
 .text.__wrap_sprintf
                0x00000000100067f8       0x28 CMakeFiles/PicoBoi.dir/Users/deemo/Desktop/workspace/picoWS/pico/pico-sdk/src/rp2_common/pico_printf/printf.c.obj
                0x00000000100067f8                __wrap_sprintf
 .text.vfctprintf
                0x0000000010006820       0x20 CMakeFiles/PicoBoi.dir/Users/deemo/Desktop/workspace/picoWS/pico/pico-sdk/src/rp2_common/pico_printf/printf.c.obj
                0x0000000010006820                vfctprintf
 .text          0x0000000010006840       0x10 CMakeFiles/PicoBoi.dir/Users/deemo/Desktop/workspace/picoWS/pico/pico-sdk/src/rp2_common/pico_bit_ops/bit_ops_aeabi.S.obj
 .text.ctzsi    0x0000000010006850        0xc CMakeFiles/PicoBoi.dir/Users/deemo/Desktop/workspace/picoWS/pico/pico-sdk/src/rp2_common/pico_bit_ops/bit_ops_aeabi.S.obj
                0x0000000010006850                __wrap___ctzsi2
 .text.rom_func_lookup
                0x000000001000685c       0x10 CMakeFiles/PicoBoi.dir/Users/deemo/Desktop/workspace/picoWS/pico/pico-sdk/src/rp2_common/pico_bootrom/bootrom.c.obj
                0x000000001000685c                rom_func_lookup
 .text.rom_data_lookup
                0x000000001000686c       0x10 CMakeFiles/PicoBoi.dir/Users/deemo/Desktop/workspace/picoWS/pico/pico-sdk/src/rp2_common/pico_bootrom/bootrom.c.obj
                0x000000001000686c                rom_data_lookup
 .text.rom_funcs_lookup
                0x000000001000687c       0x36 CMakeFiles/PicoBoi.dir/Users/deemo/Desktop/workspace/picoWS/pico/pico-sdk/src/rp2_common/pico_bootrom/bootrom.c.obj
                0x000000001000687c                rom_funcs_lookup
 *fill*         0x00000000100068b2        0x2 
 .text.__wrap___aeabi_idiv
                0x00000000100068b4       0x50 CMakeFiles/PicoBoi.dir/Users/deemo/Desktop/workspace/picoWS/pico/pico-sdk/src/rp2_common/pico_divider/divider.S.obj
                0x00000000100068b4                __wrap___aeabi_idivmod
                0x00000000100068b4                divmod_s32s32
                0x00000000100068b4                div_s32s32
                0x00000000100068b4                __wrap___aeabi_idiv
                0x00000000100068bc                divmod_s32s32_unsafe
                0x00000000100068e8                divmod_s32s32_savestate
 .text.__wrap___aeabi_uidiv
                0x0000000010006904       0x4c CMakeFiles/PicoBoi.dir/Users/deemo/Desktop/workspace/picoWS/pico/pico-sdk/src/rp2_common/pico_divider/divider.S.obj
                0x0000000010006904                __wrap___aeabi_uidiv
                0x0000000010006904                __wrap___aeabi_uidivmod
                0x0000000010006904                div_u32u32
                0x0000000010006904                divmod_u32u32
                0x000000001000690c                divmod_u32u32_unsafe
                0x0000000010006934                divmod_u32u32_savestate
 .text.__wrap___aeabi_ldiv
                0x0000000010006950      0x434 CMakeFiles/PicoBoi.dir/Users/deemo/Desktop/workspace/picoWS/pico/pico-sdk/src/rp2_common/pico_divider/divider.S.obj
                0x0000000010006950                __wrap___aeabi_ldivmod
                0x0000000010006950                div_s64s64
                0x0000000010006950                divmod_s64s64
                0x0000000010006988                divmod_u64u64
                0x0000000010006988                div_u64u64
                0x0000000010006988                __wrap___aeabi_uldivmod
                0x0000000010006998                divmod_u64u64_savestate
                0x00000000100069c0                divmod_s64s64_unsafe
                0x0000000010006a48                divmod_u64u64_unsafe
 .text.__wrap___aeabi_darithmetic
                0x0000000010006d84       0x80 CMakeFiles/PicoBoi.dir/Users/deemo/Desktop/workspace/picoWS/pico/pico-sdk/src/rp2_common/pico_double/double_aeabi.S.obj
                0x0000000010006d84                __wrap___aeabi_drsub
                0x0000000010006d8a                __wrap___aeabi_dsub
                0x0000000010006d9c                __wrap___aeabi_dadd
                0x0000000010006dae                __wrap___aeabi_ddiv
                0x0000000010006dea                __wrap___aeabi_dmul
 .text.__wrap___aeabi_cdcmple
                0x0000000010006e04       0x6c CMakeFiles/PicoBoi.dir/Users/deemo/Desktop/workspace/picoWS/pico/pico-sdk/src/rp2_common/pico_double/double_aeabi.S.obj
                0x0000000010006e04                __wrap___aeabi_cdrcmple
                0x0000000010006e14                __wrap___aeabi_cdcmple
                0x0000000010006e14                __wrap___aeabi_cdcmpeq
 .text.__wrap___aeabi_dcmpeq
                0x0000000010006e70       0x10 CMakeFiles/PicoBoi.dir/Users/deemo/Desktop/workspace/picoWS/pico/pico-sdk/src/rp2_common/pico_double/double_aeabi.S.obj
                0x0000000010006e70                __wrap___aeabi_dcmpeq
 .text.__wrap___aeabi_dcmplt
                0x0000000010006e80        0xc CMakeFiles/PicoBoi.dir/Users/deemo/Desktop/workspace/picoWS/pico/pico-sdk/src/rp2_common/pico_double/double_aeabi.S.obj
                0x0000000010006e80                __wrap___aeabi_dcmplt
 .text.__wrap___aeabi_dcmple
                0x0000000010006e8c       0x10 CMakeFiles/PicoBoi.dir/Users/deemo/Desktop/workspace/picoWS/pico/pico-sdk/src/rp2_common/pico_double/double_aeabi.S.obj
                0x0000000010006e8c                __wrap___aeabi_dcmple
 .text.__wrap___aeabi_dcmpge
                0x0000000010006e9c       0x10 CMakeFiles/PicoBoi.dir/Users/deemo/Desktop/workspace/picoWS/pico/pico-sdk/src/rp2_common/pico_double/double_aeabi.S.obj
                0x0000000010006e9c                __wrap___aeabi_dcmpge
 .text.__wrap___aeabi_dcmpgt
                0x0000000010006eac        0xa CMakeFiles/PicoBoi.dir/Users/deemo/Desktop/workspace/picoWS/pico/pico-sdk/src/rp2_common/pico_double/double_aeabi.S.obj
                0x0000000010006eac                __wrap___aeabi_dcmpgt
 .text.__wrap___aeabi_dcmpun
                0x0000000010006eb6       0x1c CMakeFiles/PicoBoi.dir/Users/deemo/Desktop/workspace/picoWS/pico/pico-sdk/src/rp2_common/pico_double/double_aeabi.S.obj
                0x0000000010006eb6                __wrap___aeabi_dcmpun
 *fill*         0x0000000010006ed2        0x2 
 .text.__wrap___aeabi_i2d
                0x0000000010006ed4       0x38 CMakeFiles/PicoBoi.dir/Users/deemo/Desktop/workspace/picoWS/pico/pico-sdk/src/rp2_common/pico_double/double_aeabi.S.obj
                0x0000000010006ed4                __wrap___aeabi_ui2d
                0x0000000010006edc                __wrap___aeabi_i2d
 .text.__wrap___aeabi_d2iz
                0x0000000010006f0c       0x48 CMakeFiles/PicoBoi.dir/Users/deemo/Desktop/workspace/picoWS/pico/pico-sdk/src/rp2_common/pico_double/double_aeabi.S.obj
                0x0000000010006f0c                __wrap___aeabi_d2iz
                0x0000000010006f0c                double2int_z
 .text.__wrap___aeabi_d2uiz
                0x0000000010006f54       0x18 CMakeFiles/PicoBoi.dir/Users/deemo/Desktop/workspace/picoWS/pico/pico-sdk/src/rp2_common/pico_double/double_aeabi.S.obj
                0x0000000010006f54                double2uint
                0x0000000010006f54                __wrap___aeabi_d2uiz
 .text.__wrap___aeabi_l2d
                0x0000000010006f6c       0x18 CMakeFiles/PicoBoi.dir/Users/deemo/Desktop/workspace/picoWS/pico/pico-sdk/src/rp2_common/pico_double/double_aeabi.S.obj
                0x0000000010006f6c                __wrap___aeabi_l2d
 .text.__wrap___aeabi_d2lz
                0x0000000010006f84       0x26 CMakeFiles/PicoBoi.dir/Users/deemo/Desktop/workspace/picoWS/pico/pico-sdk/src/rp2_common/pico_double/double_aeabi.S.obj
                0x0000000010006f84                __wrap___aeabi_d2lz
                0x0000000010006f84                double2int64_z
 *fill*         0x0000000010006faa        0x2 
 .text.double2int64
                0x0000000010006fac       0x18 CMakeFiles/PicoBoi.dir/Users/deemo/Desktop/workspace/picoWS/pico/pico-sdk/src/rp2_common/pico_double/double_aeabi.S.obj
                0x0000000010006fac                double2int64
 .text.double2ufix64
                0x0000000010006fc4       0x18 CMakeFiles/PicoBoi.dir/Users/deemo/Desktop/workspace/picoWS/pico/pico-sdk/src/rp2_common/pico_double/double_aeabi.S.obj
                0x0000000010006fc4                double2ufix64
 .text.__wrap___aeabi_d2f
                0x0000000010006fdc       0x18 CMakeFiles/PicoBoi.dir/Users/deemo/Desktop/workspace/picoWS/pico/pico-sdk/src/rp2_common/pico_double/double_aeabi.S.obj
                0x0000000010006fdc                __wrap___aeabi_d2f
 .text.__wrap_srqt
                0x0000000010006ff4       0x18 CMakeFiles/PicoBoi.dir/Users/deemo/Desktop/workspace/picoWS/pico/pico-sdk/src/rp2_common/pico_double/double_aeabi.S.obj
                0x0000000010006ff4                __wrap_sqrt
 .text.__wrap_exp
                0x000000001000700c       0x18 CMakeFiles/PicoBoi.dir/Users/deemo/Desktop/workspace/picoWS/pico/pico-sdk/src/rp2_common/pico_double/double_aeabi.S.obj
                0x000000001000700c                __wrap_exp
 .text.__wrap_log
                0x0000000010007024       0x18 CMakeFiles/PicoBoi.dir/Users/deemo/Desktop/workspace/picoWS/pico/pico-sdk/src/rp2_common/pico_double/double_aeabi.S.obj
                0x0000000010007024                __wrap_log
 .text.__aeabi_double_init
                0x000000001000703c       0xc8 CMakeFiles/PicoBoi.dir/Users/deemo/Desktop/workspace/picoWS/pico/pico-sdk/src/rp2_common/pico_double/double_init_rom.c.obj
                0x000000001000703c                __aeabi_double_init
 .text.dpow_int2
                0x0000000010007104       0x2c CMakeFiles/PicoBoi.dir/Users/deemo/Desktop/workspace/picoWS/pico/pico-sdk/src/rp2_common/pico_double/double_math.c.obj
 .text.dpow_1   0x0000000010007130      0x2a8 CMakeFiles/PicoBoi.dir/Users/deemo/Desktop/workspace/picoWS/pico/pico-sdk/src/rp2_common/pico_double/double_math.c.obj
 .text.dpow_0   0x00000000100073d8      0x1a0 CMakeFiles/PicoBoi.dir/Users/deemo/Desktop/workspace/picoWS/pico/pico-sdk/src/rp2_common/pico_double/double_math.c.obj
 .text.__wrap_ldexp
                0x0000000010007578       0x50 CMakeFiles/PicoBoi.dir/Users/deemo/Desktop/workspace/picoWS/pico/pico-sdk/src/rp2_common/pico_double/double_math.c.obj
                0x0000000010007578                __wrap_ldexp
 .text.__wrap_round
                0x00000000100075c8       0x9c CMakeFiles/PicoBoi.dir/Users/deemo/Desktop/workspace/picoWS/pico/pico-sdk/src/rp2_common/pico_double/double_math.c.obj
                0x00000000100075c8                __wrap_round
 .text.__wrap_exp2
                0x0000000010007664       0xcc CMakeFiles/PicoBoi.dir/Users/deemo/Desktop/workspace/picoWS/pico/pico-sdk/src/rp2_common/pico_double/double_math.c.obj
                0x0000000010007664                __wrap_exp2
 .text.__wrap_pow
                0x0000000010007730      0x37c CMakeFiles/PicoBoi.dir/Users/deemo/Desktop/workspace/picoWS/pico/pico-sdk/src/rp2_common/pico_double/double_math.c.obj
                0x0000000010007730                __wrap_pow
 .text.double_table_shim_on_use_helper
                0x0000000010007aac       0x34 CMakeFiles/PicoBoi.dir/Users/deemo/Desktop/workspace/picoWS/pico/pico-sdk/src/rp2_common/pico_double/double_v1_rom_shim.S.obj
                0x0000000010007aac                double_table_shim_on_use_helper
 .text.__wrap___aeabi_dsub
                0x0000000010007ae0       0x10 CMakeFiles/PicoBoi.dir/Users/deemo/Desktop/workspace/picoWS/pico/pico-sdk/src/rp2_common/pico_double/double_v1_rom_shim.S.obj
                0x0000000010007ae0                drsub_shim
                0x0000000010007ae6                dsub_shim
 .text.dadd_shim
                0x0000000010007af0      0x15c CMakeFiles/PicoBoi.dir/Users/deemo/Desktop/workspace/picoWS/pico/pico-sdk/src/rp2_common/pico_double/double_v1_rom_shim.S.obj
                0x0000000010007af0                dadd_shim
 .text.dmul_shim
                0x0000000010007c4c      0x15c CMakeFiles/PicoBoi.dir/Users/deemo/Desktop/workspace/picoWS/pico/pico-sdk/src/rp2_common/pico_double/double_v1_rom_shim.S.obj
                0x0000000010007c4c                dmul_shim
 .text.ddiv_shim
                0x0000000010007da8      0x1b0 CMakeFiles/PicoBoi.dir/Users/deemo/Desktop/workspace/picoWS/pico/pico-sdk/src/rp2_common/pico_double/double_v1_rom_shim.S.obj
                0x0000000010007da8                ddiv_shim
 .text.dsqrt_shim
                0x0000000010007f58      0x1a8 CMakeFiles/PicoBoi.dir/Users/deemo/Desktop/workspace/picoWS/pico/pico-sdk/src/rp2_common/pico_double/double_v1_rom_shim.S.obj
                0x0000000010007f74                dsqrt_shim
 .text.double2uint_shim
                0x0000000010008100        0xe CMakeFiles/PicoBoi.dir/Users/deemo/Desktop/workspace/picoWS/pico/pico-sdk/src/rp2_common/pico_double/double_v1_rom_shim.S.obj
                0x0000000010008100                double2uint_shim
                0x0000000010008102                double2ufix_shim
 .text.double2int64_shim
                0x000000001000810e       0x1a CMakeFiles/PicoBoi.dir/Users/deemo/Desktop/workspace/picoWS/pico/pico-sdk/src/rp2_common/pico_double/double_v1_rom_shim.S.obj
                0x000000001000810e                double2int64_shim
                0x0000000010008110                double2fix64_shim
 .text.double2uint64_shim
                0x0000000010008128       0x70 CMakeFiles/PicoBoi.dir/Users/deemo/Desktop/workspace/picoWS/pico/pico-sdk/src/rp2_common/pico_double/double_v1_rom_shim.S.obj
                0x0000000010008128                double2uint64_shim
                0x000000001000812a                double2ufix64_shim
                0x000000001000814a                d2fix_a
 .text.double2float_shim
                0x0000000010008198       0x5c CMakeFiles/PicoBoi.dir/Users/deemo/Desktop/workspace/picoWS/pico/pico-sdk/src/rp2_common/pico_double/double_v1_rom_shim.S.obj
                0x0000000010008198                double2float_shim
 .text.x2double_shims
                0x00000000100081f4       0x90 CMakeFiles/PicoBoi.dir/Users/deemo/Desktop/workspace/picoWS/pico/pico-sdk/src/rp2_common/pico_double/double_v1_rom_shim.S.obj
                0x00000000100081f4                uint2double_shim
                0x00000000100081f6                ufix2double_shim
                0x00000000100081fc                int2double_shim
                0x00000000100081fe                fix2double_shim
                0x0000000010008204                uint642double_shim
                0x0000000010008206                ufix642double_shim
                0x000000001000820c                int642double_shim
                0x000000001000820e                fix642double_shim
 .text.dunpacks
                0x0000000010008284       0x3c CMakeFiles/PicoBoi.dir/Users/deemo/Desktop/workspace/picoWS/pico/pico-sdk/src/rp2_common/pico_double/double_v1_rom_shim.S.obj
                0x0000000010008284                dunpacks
 .text.dreduce  0x00000000100082c0       0x82 CMakeFiles/PicoBoi.dir/Users/deemo/Desktop/workspace/picoWS/pico/pico-sdk/src/rp2_common/pico_double/double_v1_rom_shim.S.obj
                0x00000000100082c0                dreduce
 *fill*         0x0000000010008342        0x2 
 .text.dexp_guts
                0x0000000010008344      0x268 CMakeFiles/PicoBoi.dir/Users/deemo/Desktop/workspace/picoWS/pico/pico-sdk/src/rp2_common/pico_double/double_v1_rom_shim.S.obj
                0x0000000010008344                dexp_shim
                0x00000000100083e0                dln_shim
 .text.__aeabi_lmul
                0x00000000100085ac       0x32 CMakeFiles/PicoBoi.dir/Users/deemo/Desktop/workspace/picoWS/pico/pico-sdk/src/rp2_common/pico_int64_ops/pico_int64_ops_aeabi.S.obj
                0x00000000100085ac                __wrap___aeabi_lmul
 *fill*         0x00000000100085de        0x2 
 .text.__wrap___aeabi_farithmetic
                0x00000000100085e0       0x58 CMakeFiles/PicoBoi.dir/Users/deemo/Desktop/workspace/picoWS/pico/pico-sdk/src/rp2_common/pico_float/float_aeabi.S.obj
                0x00000000100085e0                __wrap___aeabi_frsub
                0x00000000100085e6                __wrap___aeabi_fsub
                0x00000000100085f0                __wrap___aeabi_fadd
                0x00000000100085fa                __wrap___aeabi_fdiv
                0x0000000010008626                __wrap___aeabi_fmul
 .text.__wrap___aeabi_cfcmple
                0x0000000010008638       0x50 CMakeFiles/PicoBoi.dir/Users/deemo/Desktop/workspace/picoWS/pico/pico-sdk/src/rp2_common/pico_float/float_aeabi.S.obj
                0x0000000010008638                __wrap___aeabi_cfrcmple
                0x0000000010008644                __wrap___aeabi_cfcmpeq
                0x0000000010008644                __wrap___aeabi_cfcmple
 .text.__wrap___aeabi_fcmplt
                0x0000000010008688        0xc CMakeFiles/PicoBoi.dir/Users/deemo/Desktop/workspace/picoWS/pico/pico-sdk/src/rp2_common/pico_float/float_aeabi.S.obj
                0x0000000010008688                __wrap___aeabi_fcmplt
 .text.__wrap___aeabi_i2f
                0x0000000010008694       0x44 CMakeFiles/PicoBoi.dir/Users/deemo/Desktop/workspace/picoWS/pico/pico-sdk/src/rp2_common/pico_float/float_aeabi.S.obj
                0x0000000010008694                __wrap___aeabi_i2f
 .text.__wrap___aeabi_f2uiz
                0x00000000100086d8       0x10 CMakeFiles/PicoBoi.dir/Users/deemo/Desktop/workspace/picoWS/pico/pico-sdk/src/rp2_common/pico_float/float_aeabi.S.obj
                0x00000000100086d8                __wrap___aeabi_f2uiz
 .text.__wrap___aeabi_f2d
                0x00000000100086e8       0x14 CMakeFiles/PicoBoi.dir/Users/deemo/Desktop/workspace/picoWS/pico/pico-sdk/src/rp2_common/pico_float/float_aeabi.S.obj
                0x00000000100086e8                __wrap___aeabi_f2d
 .text.__aeabi_float_init
                0x00000000100086fc       0xfc CMakeFiles/PicoBoi.dir/Users/deemo/Desktop/workspace/picoWS/pico/pico-sdk/src/rp2_common/pico_float/float_init_rom.c.obj
                0x00000000100086fc                __aeabi_float_init
 .text.float_table_shim_on_use_helper
                0x00000000100087f8       0x34 CMakeFiles/PicoBoi.dir/Users/deemo/Desktop/workspace/picoWS/pico/pico-sdk/src/rp2_common/pico_float/float_v1_rom_shim.S.obj
                0x00000000100087f8                float_table_shim_on_use_helper
 .text.float2double_shim
                0x000000001000882c       0x30 CMakeFiles/PicoBoi.dir/Users/deemo/Desktop/workspace/picoWS/pico/pico-sdk/src/rp2_common/pico_float/float_v1_rom_shim.S.obj
                0x000000001000882c                float2double_shim
 .text.__wrap_malloc
                0x000000001000885c       0x3c CMakeFiles/PicoBoi.dir/Users/deemo/Desktop/workspace/picoWS/pico/pico-sdk/src/rp2_common/pico_malloc/pico_malloc.c.obj
                0x000000001000885c                __wrap_malloc
 .text.__wrap_realloc
                0x0000000010008898       0x40 CMakeFiles/PicoBoi.dir/Users/deemo/Desktop/workspace/picoWS/pico/pico-sdk/src/rp2_common/pico_malloc/pico_malloc.c.obj
                0x0000000010008898                __wrap_realloc
 .text.__wrap_free
                0x00000000100088d8       0x20 CMakeFiles/PicoBoi.dir/Users/deemo/Desktop/workspace/picoWS/pico/pico-sdk/src/rp2_common/pico_malloc/pico_malloc.c.obj
                0x00000000100088d8                __wrap_free
 .text          0x00000000100088f8       0x10 CMakeFiles/PicoBoi.dir/Users/deemo/Desktop/workspace/picoWS/pico/pico-sdk/src/rp2_common/pico_mem_ops/mem_ops_aeabi.S.obj
                0x00000000100088f8                __aeabi_mem_init
 .text.memset   0x0000000010008908        0xc CMakeFiles/PicoBoi.dir/Users/deemo/Desktop/workspace/picoWS/pico/pico-sdk/src/rp2_common/pico_mem_ops/mem_ops_aeabi.S.obj
                0x0000000010008908                __wrap_memset
 .text.memcpy   0x0000000010008914        0xc CMakeFiles/PicoBoi.dir/Users/deemo/Desktop/workspace/picoWS/pico/pico-sdk/src/rp2_common/pico_mem_ops/mem_ops_aeabi.S.obj
                0x0000000010008914                __wrap___aeabi_memcpy
                0x0000000010008914                __wrap_memcpy
 .text.stdio_out_chars_no_crlf
                0x0000000010008920        0xe CMakeFiles/PicoBoi.dir/Users/deemo/Desktop/workspace/picoWS/pico/pico-sdk/src/rp2_common/pico_stdio/stdio.c.obj
 *fill*         0x000000001000892e        0x2 
 .text.stdio_out_chars_crlf
                0x0000000010008930       0x80 CMakeFiles/PicoBoi.dir/Users/deemo/Desktop/workspace/picoWS/pico/pico-sdk/src/rp2_common/pico_stdio/stdio.c.obj
 .text.stdio_stack_buffer_flush
                0x00000000100089b0       0x44 CMakeFiles/PicoBoi.dir/Users/deemo/Desktop/workspace/picoWS/pico/pico-sdk/src/rp2_common/pico_stdio/stdio.c.obj
 .text.stdio_buffered_printer
                0x00000000100089f4       0x20 CMakeFiles/PicoBoi.dir/Users/deemo/Desktop/workspace/picoWS/pico/pico-sdk/src/rp2_common/pico_stdio/stdio.c.obj
 .text.stdout_serialize_begin
                0x0000000010008a14       0x30 CMakeFiles/PicoBoi.dir/Users/deemo/Desktop/workspace/picoWS/pico/pico-sdk/src/rp2_common/pico_stdio/stdio.c.obj
                0x0000000010008a14                stdout_serialize_begin
 .text.stdout_serialize_end
                0x0000000010008a44       0x10 CMakeFiles/PicoBoi.dir/Users/deemo/Desktop/workspace/picoWS/pico/pico-sdk/src/rp2_common/pico_stdio/stdio.c.obj
                0x0000000010008a44                stdout_serialize_end
 .text.stdio_put_string
                0x0000000010008a54       0x98 CMakeFiles/PicoBoi.dir/Users/deemo/Desktop/workspace/picoWS/pico/pico-sdk/src/rp2_common/pico_stdio/stdio.c.obj
 .text.stdio_set_driver_enabled
                0x0000000010008aec       0x2c CMakeFiles/PicoBoi.dir/Users/deemo/Desktop/workspace/picoWS/pico/pico-sdk/src/rp2_common/pico_stdio/stdio.c.obj
                0x0000000010008aec                stdio_set_driver_enabled
 .text.stdio_flush
                0x0000000010008b18       0x20 CMakeFiles/PicoBoi.dir/Users/deemo/Desktop/workspace/picoWS/pico/pico-sdk/src/rp2_common/pico_stdio/stdio.c.obj
                0x0000000010008b18                stdio_flush
 .text.__wrap_puts
                0x0000000010008b38       0x1e CMakeFiles/PicoBoi.dir/Users/deemo/Desktop/workspace/picoWS/pico/pico-sdk/src/rp2_common/pico_stdio/stdio.c.obj
                0x0000000010008b38                __wrap_puts
 *fill*         0x0000000010008b56        0x2 
 .text.__wrap_vprintf
                0x0000000010008b58       0x44 CMakeFiles/PicoBoi.dir/Users/deemo/Desktop/workspace/picoWS/pico/pico-sdk/src/rp2_common/pico_stdio/stdio.c.obj
                0x0000000010008b58                __wrap_vprintf
 .text.__wrap_printf
                0x0000000010008b9c       0x18 CMakeFiles/PicoBoi.dir/Users/deemo/Desktop/workspace/picoWS/pico/pico-sdk/src/rp2_common/pico_stdio/stdio.c.obj
                0x0000000010008b9c                __wrap_printf
 .text.stdio_init_all
                0x0000000010008bb4        0x8 CMakeFiles/PicoBoi.dir/Users/deemo/Desktop/workspace/picoWS/pico/pico-sdk/src/rp2_common/pico_stdio/stdio.c.obj
                0x0000000010008bb4                stdio_init_all
 .text.resetd_init
                0x0000000010008bbc        0x2 CMakeFiles/PicoBoi.dir/Users/deemo/Desktop/workspace/picoWS/pico/pico-sdk/src/rp2_common/pico_stdio_usb/reset_interface.c.obj
 *fill*         0x0000000010008bbe        0x2 
 .text.resetd_reset
                0x0000000010008bc0        0xc CMakeFiles/PicoBoi.dir/Users/deemo/Desktop/workspace/picoWS/pico/pico-sdk/src/rp2_common/pico_stdio_usb/reset_interface.c.obj
 .text.resetd_open
                0x0000000010008bcc       0x34 CMakeFiles/PicoBoi.dir/Users/deemo/Desktop/workspace/picoWS/pico/pico-sdk/src/rp2_common/pico_stdio_usb/reset_interface.c.obj
 .text.resetd_xfer_cb
                0x0000000010008c00        0x4 CMakeFiles/PicoBoi.dir/Users/deemo/Desktop/workspace/picoWS/pico/pico-sdk/src/rp2_common/pico_stdio_usb/reset_interface.c.obj
 .text.reset_usb_boot
                0x0000000010008c04       0x18 CMakeFiles/PicoBoi.dir/Users/deemo/Desktop/workspace/picoWS/pico/pico-sdk/src/rp2_common/pico_stdio_usb/reset_interface.c.obj
 .text.resetd_control_xfer_cb
                0x0000000010008c1c       0x5c CMakeFiles/PicoBoi.dir/Users/deemo/Desktop/workspace/picoWS/pico/pico-sdk/src/rp2_common/pico_stdio_usb/reset_interface.c.obj
 .text.usbd_app_driver_get_cb
                0x0000000010008c78        0xc CMakeFiles/PicoBoi.dir/Users/deemo/Desktop/workspace/picoWS/pico/pico-sdk/src/rp2_common/pico_stdio_usb/reset_interface.c.obj
                0x0000000010008c78                usbd_app_driver_get_cb
 .text.tud_cdc_line_coding_cb
                0x0000000010008c84       0x28 CMakeFiles/PicoBoi.dir/Users/deemo/Desktop/workspace/picoWS/pico/pico-sdk/src/rp2_common/pico_stdio_usb/reset_interface.c.obj
                0x0000000010008c84                tud_cdc_line_coding_cb
 .text.stdio_usb_in_chars
                0x0000000010008cac       0x70 CMakeFiles/PicoBoi.dir/Users/deemo/Desktop/workspace/picoWS/pico/pico-sdk/src/rp2_common/pico_stdio_usb/stdio_usb.c.obj
                0x0000000010008cac                stdio_usb_in_chars
 .text.low_priority_worker_irq
                0x0000000010008d1c       0x20 CMakeFiles/PicoBoi.dir/Users/deemo/Desktop/workspace/picoWS/pico/pico-sdk/src/rp2_common/pico_stdio_usb/stdio_usb.c.obj
 .text.stdio_usb_out_chars
                0x0000000010008d3c       0xd4 CMakeFiles/PicoBoi.dir/Users/deemo/Desktop/workspace/picoWS/pico/pico-sdk/src/rp2_common/pico_stdio_usb/stdio_usb.c.obj
 .text.timer_task
                0x0000000010008e10       0x40 CMakeFiles/PicoBoi.dir/Users/deemo/Desktop/workspace/picoWS/pico/pico-sdk/src/rp2_common/pico_stdio_usb/stdio_usb.c.obj
 .text.usb_irq  0x0000000010008e50       0x10 CMakeFiles/PicoBoi.dir/Users/deemo/Desktop/workspace/picoWS/pico/pico-sdk/src/rp2_common/pico_stdio_usb/stdio_usb.c.obj
 .text.stdio_usb_init
                0x0000000010008e60       0xec CMakeFiles/PicoBoi.dir/Users/deemo/Desktop/workspace/picoWS/pico/pico-sdk/src/rp2_common/pico_stdio_usb/stdio_usb.c.obj
                0x0000000010008e60                stdio_usb_init
 .text.tud_descriptor_device_cb
                0x0000000010008f4c        0x8 CMakeFiles/PicoBoi.dir/Users/deemo/Desktop/workspace/picoWS/pico/pico-sdk/src/rp2_common/pico_stdio_usb/stdio_usb_descriptors.c.obj
                0x0000000010008f4c                tud_descriptor_device_cb
 .text.tud_descriptor_configuration_cb
                0x0000000010008f54        0x8 CMakeFiles/PicoBoi.dir/Users/deemo/Desktop/workspace/picoWS/pico/pico-sdk/src/rp2_common/pico_stdio_usb/stdio_usb_descriptors.c.obj
                0x0000000010008f54                tud_descriptor_configuration_cb
 .text.tud_descriptor_string_cb
                0x0000000010008f5c       0x6c CMakeFiles/PicoBoi.dir/Users/deemo/Desktop/workspace/picoWS/pico/pico-sdk/src/rp2_common/pico_stdio_usb/stdio_usb_descriptors.c.obj
                0x0000000010008f5c                tud_descriptor_string_cb
 .text.hw_endpoint_get_by_addr
                0x0000000010008fc8       0x18 CMakeFiles/PicoBoi.dir/Users/deemo/Desktop/workspace/picoWS/pico/pico-sdk/lib/tinyusb/src/portable/raspberrypi/rp2040/dcd_rp2040.c.obj
 .text.reset_ep0_pid
                0x0000000010008fe0       0x28 CMakeFiles/PicoBoi.dir/Users/deemo/Desktop/workspace/picoWS/pico/pico-sdk/lib/tinyusb/src/portable/raspberrypi/rp2040/dcd_rp2040.c.obj
 .text._hw_endpoint_alloc
                0x0000000010009008       0x70 CMakeFiles/PicoBoi.dir/Users/deemo/Desktop/workspace/picoWS/pico/pico-sdk/lib/tinyusb/src/portable/raspberrypi/rp2040/dcd_rp2040.c.obj
 .text.hw_endpoint_init
                0x0000000010009078       0x88 CMakeFiles/PicoBoi.dir/Users/deemo/Desktop/workspace/picoWS/pico/pico-sdk/lib/tinyusb/src/portable/raspberrypi/rp2040/dcd_rp2040.c.obj
 .text.reset_non_control_endpoints
                0x0000000010009100       0x40 CMakeFiles/PicoBoi.dir/Users/deemo/Desktop/workspace/picoWS/pico/pico-sdk/lib/tinyusb/src/portable/raspberrypi/rp2040/dcd_rp2040.c.obj
 .text.hw_handle_buff_status
                0x0000000010009140       0x8c CMakeFiles/PicoBoi.dir/Users/deemo/Desktop/workspace/picoWS/pico/pico-sdk/lib/tinyusb/src/portable/raspberrypi/rp2040/dcd_rp2040.c.obj
 .text.dcd_rp2040_irq
                0x00000000100091cc       0xc0 CMakeFiles/PicoBoi.dir/Users/deemo/Desktop/workspace/picoWS/pico/pico-sdk/lib/tinyusb/src/portable/raspberrypi/rp2040/dcd_rp2040.c.obj
 .text.hw_endpoint_xfer
                0x000000001000928c       0x14 CMakeFiles/PicoBoi.dir/Users/deemo/Desktop/workspace/picoWS/pico/pico-sdk/lib/tinyusb/src/portable/raspberrypi/rp2040/dcd_rp2040.c.obj
 .text.dcd_int_enable
                0x00000000100092a0       0x2c CMakeFiles/PicoBoi.dir/Users/deemo/Desktop/workspace/picoWS/pico/pico-sdk/lib/tinyusb/src/portable/raspberrypi/rp2040/dcd_rp2040.c.obj
                0x00000000100092a0                dcd_int_enable
 .text.dcd_set_address
                0x00000000100092cc       0x2c CMakeFiles/PicoBoi.dir/Users/deemo/Desktop/workspace/picoWS/pico/pico-sdk/lib/tinyusb/src/portable/raspberrypi/rp2040/dcd_rp2040.c.obj
                0x00000000100092cc                dcd_set_address
 .text.dcd_connect
                0x00000000100092f8       0x10 CMakeFiles/PicoBoi.dir/Users/deemo/Desktop/workspace/picoWS/pico/pico-sdk/lib/tinyusb/src/portable/raspberrypi/rp2040/dcd_rp2040.c.obj
                0x00000000100092f8                dcd_connect
 .text.dcd_init
                0x0000000010009308       0x7c CMakeFiles/PicoBoi.dir/Users/deemo/Desktop/workspace/picoWS/pico/pico-sdk/lib/tinyusb/src/portable/raspberrypi/rp2040/dcd_rp2040.c.obj
                0x0000000010009308                dcd_init
 .text.dcd_edpt0_status_complete
                0x0000000010009384       0x1c CMakeFiles/PicoBoi.dir/Users/deemo/Desktop/workspace/picoWS/pico/pico-sdk/lib/tinyusb/src/portable/raspberrypi/rp2040/dcd_rp2040.c.obj
                0x0000000010009384                dcd_edpt0_status_complete
 .text.dcd_edpt_open
                0x00000000100093a0       0x40 CMakeFiles/PicoBoi.dir/Users/deemo/Desktop/workspace/picoWS/pico/pico-sdk/lib/tinyusb/src/portable/raspberrypi/rp2040/dcd_rp2040.c.obj
                0x00000000100093a0                dcd_edpt_open
 .text.dcd_edpt_close_all
                0x00000000100093e0        0x8 CMakeFiles/PicoBoi.dir/Users/deemo/Desktop/workspace/picoWS/pico/pico-sdk/lib/tinyusb/src/portable/raspberrypi/rp2040/dcd_rp2040.c.obj
                0x00000000100093e0                dcd_edpt_close_all
 .text.dcd_edpt_xfer
                0x00000000100093e8       0x30 CMakeFiles/PicoBoi.dir/Users/deemo/Desktop/workspace/picoWS/pico/pico-sdk/lib/tinyusb/src/portable/raspberrypi/rp2040/dcd_rp2040.c.obj
                0x00000000100093e8                dcd_edpt_xfer
 .text.dcd_edpt_stall
                0x0000000010009418       0x2c CMakeFiles/PicoBoi.dir/Users/deemo/Desktop/workspace/picoWS/pico/pico-sdk/lib/tinyusb/src/portable/raspberrypi/rp2040/dcd_rp2040.c.obj
                0x0000000010009418                dcd_edpt_stall
 .text.dcd_edpt_clear_stall
                0x0000000010009444       0x20 CMakeFiles/PicoBoi.dir/Users/deemo/Desktop/workspace/picoWS/pico/pico-sdk/lib/tinyusb/src/portable/raspberrypi/rp2040/dcd_rp2040.c.obj
                0x0000000010009444                dcd_edpt_clear_stall
 .text.prepare_ep_buffer
                0x0000000010009464       0x70 CMakeFiles/PicoBoi.dir/Users/deemo/Desktop/workspace/picoWS/pico/pico-sdk/lib/tinyusb/src/portable/raspberrypi/rp2040/rp2040_usb.c.obj
 .text.sync_ep_buffer
                0x00000000100094d4       0x7c CMakeFiles/PicoBoi.dir/Users/deemo/Desktop/workspace/picoWS/pico/pico-sdk/lib/tinyusb/src/portable/raspberrypi/rp2040/rp2040_usb.c.obj
 .text._hw_endpoint_xfer_sync
                0x0000000010009550       0x28 CMakeFiles/PicoBoi.dir/Users/deemo/Desktop/workspace/picoWS/pico/pico-sdk/lib/tinyusb/src/portable/raspberrypi/rp2040/rp2040_usb.c.obj
 .text.rp2040_usb_init
                0x0000000010009578       0x4c CMakeFiles/PicoBoi.dir/Users/deemo/Desktop/workspace/picoWS/pico/pico-sdk/lib/tinyusb/src/portable/raspberrypi/rp2040/rp2040_usb.c.obj
                0x0000000010009578                rp2040_usb_init
 .text.hw_endpoint_reset_transfer
                0x00000000100095c4        0xc CMakeFiles/PicoBoi.dir/Users/deemo/Desktop/workspace/picoWS/pico/pico-sdk/lib/tinyusb/src/portable/raspberrypi/rp2040/rp2040_usb.c.obj
                0x00000000100095c4                hw_endpoint_reset_transfer
 .text._hw_endpoint_buffer_control_update32
                0x00000000100095d0       0x58 CMakeFiles/PicoBoi.dir/Users/deemo/Desktop/workspace/picoWS/pico/pico-sdk/lib/tinyusb/src/portable/raspberrypi/rp2040/rp2040_usb.c.obj
                0x00000000100095d0                _hw_endpoint_buffer_control_update32
 .text._hw_endpoint_start_next_buffer
                0x0000000010009628       0x74 CMakeFiles/PicoBoi.dir/Users/deemo/Desktop/workspace/picoWS/pico/pico-sdk/lib/tinyusb/src/portable/raspberrypi/rp2040/rp2040_usb.c.obj
 .text.hw_endpoint_xfer_start
                0x000000001000969c       0x48 CMakeFiles/PicoBoi.dir/Users/deemo/Desktop/workspace/picoWS/pico/pico-sdk/lib/tinyusb/src/portable/raspberrypi/rp2040/rp2040_usb.c.obj
                0x000000001000969c                hw_endpoint_xfer_start
 .text.hw_endpoint_xfer_continue
                0x00000000100096e4       0x38 CMakeFiles/PicoBoi.dir/Users/deemo/Desktop/workspace/picoWS/pico/pico-sdk/lib/tinyusb/src/portable/raspberrypi/rp2040/rp2040_usb.c.obj
                0x00000000100096e4                hw_endpoint_xfer_continue
 .text.configuration_reset
                0x000000001000971c       0x84 CMakeFiles/PicoBoi.dir/Users/deemo/Desktop/workspace/picoWS/pico/pico-sdk/lib/tinyusb/src/device/usbd.c.obj
 .text.usbd_reset
                0x00000000100097a0        0xc CMakeFiles/PicoBoi.dir/Users/deemo/Desktop/workspace/picoWS/pico/pico-sdk/lib/tinyusb/src/device/usbd.c.obj
 .text.invoke_class_control
                0x00000000100097ac       0x1a CMakeFiles/PicoBoi.dir/Users/deemo/Desktop/workspace/picoWS/pico/pico-sdk/lib/tinyusb/src/device/usbd.c.obj
 *fill*         0x00000000100097c6        0x2 
 .text.process_set_config
                0x00000000100097c8      0x1b0 CMakeFiles/PicoBoi.dir/Users/deemo/Desktop/workspace/picoWS/pico/pico-sdk/lib/tinyusb/src/device/usbd.c.obj
 .text.process_get_descriptor
                0x0000000010009978       0xec CMakeFiles/PicoBoi.dir/Users/deemo/Desktop/workspace/picoWS/pico/pico-sdk/lib/tinyusb/src/device/usbd.c.obj
 .text.tud_mounted
                0x0000000010009a64       0x10 CMakeFiles/PicoBoi.dir/Users/deemo/Desktop/workspace/picoWS/pico/pico-sdk/lib/tinyusb/src/device/usbd.c.obj
                0x0000000010009a64                tud_mounted
 .text.tud_suspended
                0x0000000010009a74       0x10 CMakeFiles/PicoBoi.dir/Users/deemo/Desktop/workspace/picoWS/pico/pico-sdk/lib/tinyusb/src/device/usbd.c.obj
                0x0000000010009a74                tud_suspended
 .text.tud_inited
                0x0000000010009a84        0xc CMakeFiles/PicoBoi.dir/Users/deemo/Desktop/workspace/picoWS/pico/pico-sdk/lib/tinyusb/src/device/usbd.c.obj
                0x0000000010009a84                tud_inited
 .text.tud_init
                0x0000000010009a90       0xcc CMakeFiles/PicoBoi.dir/Users/deemo/Desktop/workspace/picoWS/pico/pico-sdk/lib/tinyusb/src/device/usbd.c.obj
                0x0000000010009a90                tud_init
 .text.dcd_event_handler
                0x0000000010009b5c      0x1e0 CMakeFiles/PicoBoi.dir/Users/deemo/Desktop/workspace/picoWS/pico/pico-sdk/lib/tinyusb/src/device/usbd.c.obj
                0x0000000010009b5c                dcd_event_handler
 .text.dcd_event_bus_signal
                0x0000000010009d3c       0x26 CMakeFiles/PicoBoi.dir/Users/deemo/Desktop/workspace/picoWS/pico/pico-sdk/lib/tinyusb/src/device/usbd.c.obj
                0x0000000010009d3c                dcd_event_bus_signal
 .text.dcd_event_bus_reset
                0x0000000010009d62       0x2a CMakeFiles/PicoBoi.dir/Users/deemo/Desktop/workspace/picoWS/pico/pico-sdk/lib/tinyusb/src/device/usbd.c.obj
                0x0000000010009d62                dcd_event_bus_reset
 .text.dcd_event_setup_received
                0x0000000010009d8c       0x34 CMakeFiles/PicoBoi.dir/Users/deemo/Desktop/workspace/picoWS/pico/pico-sdk/lib/tinyusb/src/device/usbd.c.obj
                0x0000000010009d8c                dcd_event_setup_received
 .text.dcd_event_xfer_complete
                0x0000000010009dc0       0x44 CMakeFiles/PicoBoi.dir/Users/deemo/Desktop/workspace/picoWS/pico/pico-sdk/lib/tinyusb/src/device/usbd.c.obj
                0x0000000010009dc0                dcd_event_xfer_complete
 .text.usbd_edpt_open
                0x0000000010009e04       0x58 CMakeFiles/PicoBoi.dir/Users/deemo/Desktop/workspace/picoWS/pico/pico-sdk/lib/tinyusb/src/device/usbd.c.obj
                0x0000000010009e04                usbd_edpt_open
 .text.usbd_open_edpt_pair
                0x0000000010009e5c       0x8c CMakeFiles/PicoBoi.dir/Users/deemo/Desktop/workspace/picoWS/pico/pico-sdk/lib/tinyusb/src/device/usbd.c.obj
                0x0000000010009e5c                usbd_open_edpt_pair
 .text.usbd_edpt_claim
                0x0000000010009ee8       0x8c CMakeFiles/PicoBoi.dir/Users/deemo/Desktop/workspace/picoWS/pico/pico-sdk/lib/tinyusb/src/device/usbd.c.obj
                0x0000000010009ee8                usbd_edpt_claim
 .text.usbd_edpt_release
                0x0000000010009f74       0x68 CMakeFiles/PicoBoi.dir/Users/deemo/Desktop/workspace/picoWS/pico/pico-sdk/lib/tinyusb/src/device/usbd.c.obj
                0x0000000010009f74                usbd_edpt_release
 .text.usbd_edpt_xfer
                0x0000000010009fdc       0x80 CMakeFiles/PicoBoi.dir/Users/deemo/Desktop/workspace/picoWS/pico/pico-sdk/lib/tinyusb/src/device/usbd.c.obj
                0x0000000010009fdc                usbd_edpt_xfer
 .text.usbd_edpt_stall
                0x000000001000a05c       0x40 CMakeFiles/PicoBoi.dir/Users/deemo/Desktop/workspace/picoWS/pico/pico-sdk/lib/tinyusb/src/device/usbd.c.obj
                0x000000001000a05c                usbd_edpt_stall
 .text.usbd_edpt_clear_stall
                0x000000001000a09c       0x40 CMakeFiles/PicoBoi.dir/Users/deemo/Desktop/workspace/picoWS/pico/pico-sdk/lib/tinyusb/src/device/usbd.c.obj
                0x000000001000a09c                usbd_edpt_clear_stall
 .text.usbd_edpt_stalled
                0x000000001000a0dc       0x1c CMakeFiles/PicoBoi.dir/Users/deemo/Desktop/workspace/picoWS/pico/pico-sdk/lib/tinyusb/src/device/usbd.c.obj
                0x000000001000a0dc                usbd_edpt_stalled
 .text.process_control_request
                0x000000001000a0f8      0x3b8 CMakeFiles/PicoBoi.dir/Users/deemo/Desktop/workspace/picoWS/pico/pico-sdk/lib/tinyusb/src/device/usbd.c.obj
 .text.tud_task
                0x000000001000a4b0      0x218 CMakeFiles/PicoBoi.dir/Users/deemo/Desktop/workspace/picoWS/pico/pico-sdk/lib/tinyusb/src/device/usbd.c.obj
                0x000000001000a4b0                tud_task
 .text._data_stage_xact
                0x000000001000a6c8       0x58 CMakeFiles/PicoBoi.dir/Users/deemo/Desktop/workspace/picoWS/pico/pico-sdk/lib/tinyusb/src/device/usbd_control.c.obj
 .text.tud_control_status
                0x000000001000a720       0x38 CMakeFiles/PicoBoi.dir/Users/deemo/Desktop/workspace/picoWS/pico/pico-sdk/lib/tinyusb/src/device/usbd_control.c.obj
                0x000000001000a720                tud_control_status
 .text.tud_control_xfer
                0x000000001000a758       0xa8 CMakeFiles/PicoBoi.dir/Users/deemo/Desktop/workspace/picoWS/pico/pico-sdk/lib/tinyusb/src/device/usbd_control.c.obj
                0x000000001000a758                tud_control_xfer
 .text.usbd_control_reset
                0x000000001000a800       0x14 CMakeFiles/PicoBoi.dir/Users/deemo/Desktop/workspace/picoWS/pico/pico-sdk/lib/tinyusb/src/device/usbd_control.c.obj
                0x000000001000a800                usbd_control_reset
 .text.usbd_control_set_complete_callback
                0x000000001000a814        0xc CMakeFiles/PicoBoi.dir/Users/deemo/Desktop/workspace/picoWS/pico/pico-sdk/lib/tinyusb/src/device/usbd_control.c.obj
                0x000000001000a814                usbd_control_set_complete_callback
 .text.usbd_control_set_request
                0x000000001000a820       0x1c CMakeFiles/PicoBoi.dir/Users/deemo/Desktop/workspace/picoWS/pico/pico-sdk/lib/tinyusb/src/device/usbd_control.c.obj
                0x000000001000a820                usbd_control_set_request
 .text.usbd_control_xfer_cb
                0x000000001000a83c       0xfc CMakeFiles/PicoBoi.dir/Users/deemo/Desktop/workspace/picoWS/pico/pico-sdk/lib/tinyusb/src/device/usbd_control.c.obj
                0x000000001000a83c                usbd_control_xfer_cb
 .text._prep_out_transaction
                0x000000001000a938       0x46 CMakeFiles/PicoBoi.dir/Users/deemo/Desktop/workspace/picoWS/pico/pico-sdk/lib/tinyusb/src/class/cdc/cdc_device.c.obj
 *fill*         0x000000001000a97e        0x2 
 .text.tud_cdc_n_connected
                0x000000001000a980       0x44 CMakeFiles/PicoBoi.dir/Users/deemo/Desktop/workspace/picoWS/pico/pico-sdk/lib/tinyusb/src/class/cdc/cdc_device.c.obj
                0x000000001000a980                tud_cdc_n_connected
 .text.tud_cdc_n_available
                0x000000001000a9c4       0x18 CMakeFiles/PicoBoi.dir/Users/deemo/Desktop/workspace/picoWS/pico/pico-sdk/lib/tinyusb/src/class/cdc/cdc_device.c.obj
                0x000000001000a9c4                tud_cdc_n_available
 .text.tud_cdc_n_read
                0x000000001000a9dc       0x28 CMakeFiles/PicoBoi.dir/Users/deemo/Desktop/workspace/picoWS/pico/pico-sdk/lib/tinyusb/src/class/cdc/cdc_device.c.obj
                0x000000001000a9dc                tud_cdc_n_read
 .text.tud_cdc_n_write_flush
                0x000000001000aa04       0xcc CMakeFiles/PicoBoi.dir/Users/deemo/Desktop/workspace/picoWS/pico/pico-sdk/lib/tinyusb/src/class/cdc/cdc_device.c.obj
                0x000000001000aa04                tud_cdc_n_write_flush
 .text.tud_cdc_n_write
                0x000000001000aad0       0x38 CMakeFiles/PicoBoi.dir/Users/deemo/Desktop/workspace/picoWS/pico/pico-sdk/lib/tinyusb/src/class/cdc/cdc_device.c.obj
                0x000000001000aad0                tud_cdc_n_write
 .text.tud_cdc_n_write_available
                0x000000001000ab08       0x1c CMakeFiles/PicoBoi.dir/Users/deemo/Desktop/workspace/picoWS/pico/pico-sdk/lib/tinyusb/src/class/cdc/cdc_device.c.obj
                0x000000001000ab08                tud_cdc_n_write_available
 .text.cdcd_init
                0x000000001000ab24       0xbc CMakeFiles/PicoBoi.dir/Users/deemo/Desktop/workspace/picoWS/pico/pico-sdk/lib/tinyusb/src/class/cdc/cdc_device.c.obj
                0x000000001000ab24                cdcd_init
 .text.cdcd_reset
                0x000000001000abe0       0x44 CMakeFiles/PicoBoi.dir/Users/deemo/Desktop/workspace/picoWS/pico/pico-sdk/lib/tinyusb/src/class/cdc/cdc_device.c.obj
                0x000000001000abe0                cdcd_reset
 .text.cdcd_open
                0x000000001000ac24       0xf8 CMakeFiles/PicoBoi.dir/Users/deemo/Desktop/workspace/picoWS/pico/pico-sdk/lib/tinyusb/src/class/cdc/cdc_device.c.obj
                0x000000001000ac24                cdcd_open
 .text.cdcd_control_xfer_cb
                0x000000001000ad1c      0x134 CMakeFiles/PicoBoi.dir/Users/deemo/Desktop/workspace/picoWS/pico/pico-sdk/lib/tinyusb/src/class/cdc/cdc_device.c.obj
                0x000000001000ad1c                cdcd_control_xfer_cb
 .text.cdcd_xfer_cb
                0x000000001000ae50      0x144 CMakeFiles/PicoBoi.dir/Users/deemo/Desktop/workspace/picoWS/pico/pico-sdk/lib/tinyusb/src/class/cdc/cdc_device.c.obj
                0x000000001000ae50                cdcd_xfer_cb
 .text.tusb_init
                0x000000001000af94       0x24 CMakeFiles/PicoBoi.dir/Users/deemo/Desktop/workspace/picoWS/pico/pico-sdk/lib/tinyusb/src/tusb.c.obj
                0x000000001000af94                tusb_init
 .text.tusb_inited
                0x000000001000afb8        0xe CMakeFiles/PicoBoi.dir/Users/deemo/Desktop/workspace/picoWS/pico/pico-sdk/lib/tinyusb/src/tusb.c.obj
                0x000000001000afb8                tusb_inited
 *fill*         0x000000001000afc6        0x2 
 .text.tu_edpt_validate
                0x000000001000afc8       0xa8 CMakeFiles/PicoBoi.dir/Users/deemo/Desktop/workspace/picoWS/pico/pico-sdk/lib/tinyusb/src/tusb.c.obj
                0x000000001000afc8                tu_edpt_validate
 .text.tu_edpt_bind_driver
                0x000000001000b070       0x2a CMakeFiles/PicoBoi.dir/Users/deemo/Desktop/workspace/picoWS/pico/pico-sdk/lib/tinyusb/src/tusb.c.obj
                0x000000001000b070                tu_edpt_bind_driver
 .text.advance_pointer
                0x000000001000b09a       0x18 CMakeFiles/PicoBoi.dir/Users/deemo/Desktop/workspace/picoWS/pico/pico-sdk/lib/tinyusb/src/common/tusb_fifo.c.obj
 .text.backward_pointer
                0x000000001000b0b2       0x1e CMakeFiles/PicoBoi.dir/Users/deemo/Desktop/workspace/picoWS/pico/pico-sdk/lib/tinyusb/src/common/tusb_fifo.c.obj
 .text.get_relative_pointer
                0x000000001000b0d0       0x10 CMakeFiles/PicoBoi.dir/Users/deemo/Desktop/workspace/picoWS/pico/pico-sdk/lib/tinyusb/src/common/tusb_fifo.c.obj
 .text._tu_fifo_peek
                0x000000001000b0e0       0x50 CMakeFiles/PicoBoi.dir/Users/deemo/Desktop/workspace/picoWS/pico/pico-sdk/lib/tinyusb/src/common/tusb_fifo.c.obj
 .text._ff_pull_const_addr
                0x000000001000b130       0x4c CMakeFiles/PicoBoi.dir/Users/deemo/Desktop/workspace/picoWS/pico/pico-sdk/lib/tinyusb/src/common/tusb_fifo.c.obj
 .text._ff_pull_n
                0x000000001000b17c      0x10c CMakeFiles/PicoBoi.dir/Users/deemo/Desktop/workspace/picoWS/pico/pico-sdk/lib/tinyusb/src/common/tusb_fifo.c.obj
 .text._tu_fifo_peek_n
                0x000000001000b288       0x5e CMakeFiles/PicoBoi.dir/Users/deemo/Desktop/workspace/picoWS/pico/pico-sdk/lib/tinyusb/src/common/tusb_fifo.c.obj
 .text._tu_fifo_read_n
                0x000000001000b2e6       0x4e CMakeFiles/PicoBoi.dir/Users/deemo/Desktop/workspace/picoWS/pico/pico-sdk/lib/tinyusb/src/common/tusb_fifo.c.obj
 .text._ff_push_const_addr
                0x000000001000b334       0x40 CMakeFiles/PicoBoi.dir/Users/deemo/Desktop/workspace/picoWS/pico/pico-sdk/lib/tinyusb/src/common/tusb_fifo.c.obj
 .text._ff_push_n
                0x000000001000b374      0x108 CMakeFiles/PicoBoi.dir/Users/deemo/Desktop/workspace/picoWS/pico/pico-sdk/lib/tinyusb/src/common/tusb_fifo.c.obj
 .text._tu_fifo_write_n
                0x000000001000b47c       0x9e CMakeFiles/PicoBoi.dir/Users/deemo/Desktop/workspace/picoWS/pico/pico-sdk/lib/tinyusb/src/common/tusb_fifo.c.obj
 .text.tu_fifo_config
                0x000000001000b51a       0x72 CMakeFiles/PicoBoi.dir/Users/deemo/Desktop/workspace/picoWS/pico/pico-sdk/lib/tinyusb/src/common/tusb_fifo.c.obj
                0x000000001000b51a                tu_fifo_config
 .text.tu_fifo_count
                0x000000001000b58c       0x26 CMakeFiles/PicoBoi.dir/Users/deemo/Desktop/workspace/picoWS/pico/pico-sdk/lib/tinyusb/src/common/tusb_fifo.c.obj
                0x000000001000b58c                tu_fifo_count
 .text.tu_fifo_empty
                0x000000001000b5b2       0x10 CMakeFiles/PicoBoi.dir/Users/deemo/Desktop/workspace/picoWS/pico/pico-sdk/lib/tinyusb/src/common/tusb_fifo.c.obj
                0x000000001000b5b2                tu_fifo_empty
 .text.tu_fifo_remaining
                0x000000001000b5c2       0x20 CMakeFiles/PicoBoi.dir/Users/deemo/Desktop/workspace/picoWS/pico/pico-sdk/lib/tinyusb/src/common/tusb_fifo.c.obj
                0x000000001000b5c2                tu_fifo_remaining
 .text.tu_fifo_read
                0x000000001000b5e2       0x42 CMakeFiles/PicoBoi.dir/Users/deemo/Desktop/workspace/picoWS/pico/pico-sdk/lib/tinyusb/src/common/tusb_fifo.c.obj
                0x000000001000b5e2                tu_fifo_read
 .text.tu_fifo_read_n
                0x000000001000b624        0xa CMakeFiles/PicoBoi.dir/Users/deemo/Desktop/workspace/picoWS/pico/pico-sdk/lib/tinyusb/src/common/tusb_fifo.c.obj
                0x000000001000b624                tu_fifo_read_n
 .text.tu_fifo_write
                0x000000001000b62e       0x6c CMakeFiles/PicoBoi.dir/Users/deemo/Desktop/workspace/picoWS/pico/pico-sdk/lib/tinyusb/src/common/tusb_fifo.c.obj
                0x000000001000b62e                tu_fifo_write
 .text.tu_fifo_write_n
                0x000000001000b69a        0xa CMakeFiles/PicoBoi.dir/Users/deemo/Desktop/workspace/picoWS/pico/pico-sdk/lib/tinyusb/src/common/tusb_fifo.c.obj
                0x000000001000b69a                tu_fifo_write_n
 .text.tu_fifo_clear
                0x000000001000b6a4       0x4c CMakeFiles/PicoBoi.dir/Users/deemo/Desktop/workspace/picoWS/pico/pico-sdk/lib/tinyusb/src/common/tusb_fifo.c.obj
                0x000000001000b6a4                tu_fifo_clear
 .text.tu_fifo_set_overwritable
                0x000000001000b6f0       0x3c CMakeFiles/PicoBoi.dir/Users/deemo/Desktop/workspace/picoWS/pico/pico-sdk/lib/tinyusb/src/common/tusb_fifo.c.obj
                0x000000001000b6f0                tu_fifo_set_overwritable
 .text._retrieve_unique_id_on_boot
                0x000000001000b72c       0x10 CMakeFiles/PicoBoi.dir/Users/deemo/Desktop/workspace/picoWS/pico/pico-sdk/src/rp2_common/pico_unique_id/unique_id.c.obj
 .text.pico_get_unique_board_id_string
                0x000000001000b73c       0x60 CMakeFiles/PicoBoi.dir/Users/deemo/Desktop/workspace/picoWS/pico/pico-sdk/src/rp2_common/pico_unique_id/unique_id.c.obj
                0x000000001000b73c                pico_get_unique_board_id_string
 .text.flash_get_unique_id
                0x000000001000b79c       0x46 CMakeFiles/PicoBoi.dir/Users/deemo/Desktop/workspace/picoWS/pico/pico-sdk/src/rp2_common/hardware_flash/flash.c.obj
                0x000000001000b79c                flash_get_unique_id
 *fill*         0x000000001000b7e2        0x2 
 .text.boot_double_tap_check
                0x000000001000b7e4       0x64 CMakeFiles/PicoBoi.dir/Users/deemo/Desktop/workspace/picoWS/pico/pico-sdk/src/rp2_common/pico_bootsel_via_double_reset/pico_bootsel_via_double_reset.c.obj
 .text._pio_can_add_program_at_offset
                0x000000001000b848       0x3c CMakeFiles/PicoBoi.dir/Users/deemo/Desktop/workspace/picoWS/pico/pico-sdk/src/rp2_common/hardware_pio/pio.c.obj
 .text._pio_find_offset_for_program
                0x000000001000b884       0x7c CMakeFiles/PicoBoi.dir/Users/deemo/Desktop/workspace/picoWS/pico/pico-sdk/src/rp2_common/hardware_pio/pio.c.obj
 .text._pio_add_program_at_offset
                0x000000001000b900       0x78 CMakeFiles/PicoBoi.dir/Users/deemo/Desktop/workspace/picoWS/pico/pico-sdk/src/rp2_common/hardware_pio/pio.c.obj
 .text.pio_add_program
                0x000000001000b978       0x38 CMakeFiles/PicoBoi.dir/Users/deemo/Desktop/workspace/picoWS/pico/pico-sdk/src/rp2_common/hardware_pio/pio.c.obj
                0x000000001000b978                pio_add_program
 .text.pio_sm_set_pins_with_mask
                0x000000001000b9b0       0x6c CMakeFiles/PicoBoi.dir/Users/deemo/Desktop/workspace/picoWS/pico/pico-sdk/src/rp2_common/hardware_pio/pio.c.obj
                0x000000001000b9b0                pio_sm_set_pins_with_mask
 .text.pio_sm_set_pindirs_with_mask
                0x000000001000ba1c       0x70 CMakeFiles/PicoBoi.dir/Users/deemo/Desktop/workspace/picoWS/pico/pico-sdk/src/rp2_common/hardware_pio/pio.c.obj
                0x000000001000ba1c                pio_sm_set_pindirs_with_mask
 .text.pio_sm_init
                0x000000001000ba8c       0xe4 CMakeFiles/PicoBoi.dir/Users/deemo/Desktop/workspace/picoWS/pico/pico-sdk/src/rp2_common/hardware_pio/pio.c.obj
                0x000000001000ba8c                pio_sm_init
 .text._calloc_r
                0x000000001000bb70       0x5c /opt/homebrew/Cellar/arm-none-eabi-gcc/10-2020-q4-major/gcc/bin/../lib/gcc/arm-none-eabi/10.2.1/../../../../arm-none-eabi/lib/thumb/v6-m/nofp/libg.a(lib_a-callocr.o)
                0x000000001000bb70                _calloc_r
 .text.malloc   0x000000001000bbcc       0x14 /opt/homebrew/Cellar/arm-none-eabi-gcc/10-2020-q4-major/gcc/bin/../lib/gcc/arm-none-eabi/10.2.1/../../../../arm-none-eabi/lib/thumb/v6-m/nofp/libg.a(lib_a-malloc.o)
                0x000000001000bbcc                malloc
 .text.free     0x000000001000bbe0       0x14 /opt/homebrew/Cellar/arm-none-eabi-gcc/10-2020-q4-major/gcc/bin/../lib/gcc/arm-none-eabi/10.2.1/../../../../arm-none-eabi/lib/thumb/v6-m/nofp/libg.a(lib_a-malloc.o)
                0x000000001000bbe0                free
 .text._malloc_r
                0x000000001000bbf4      0x580 /opt/homebrew/Cellar/arm-none-eabi-gcc/10-2020-q4-major/gcc/bin/../lib/gcc/arm-none-eabi/10.2.1/../../../../arm-none-eabi/lib/thumb/v6-m/nofp/libg.a(lib_a-mallocr.o)
                0x000000001000bbf4                _malloc_r
 .text.__malloc_lock
                0x000000001000c174       0x10 /opt/homebrew/Cellar/arm-none-eabi-gcc/10-2020-q4-major/gcc/bin/../lib/gcc/arm-none-eabi/10.2.1/../../../../arm-none-eabi/lib/thumb/v6-m/nofp/libg.a(lib_a-mlock.o)
                0x000000001000c174                __malloc_lock
 .text.__malloc_unlock
                0x000000001000c184       0x10 /opt/homebrew/Cellar/arm-none-eabi-gcc/10-2020-q4-major/gcc/bin/../lib/gcc/arm-none-eabi/10.2.1/../../../../arm-none-eabi/lib/thumb/v6-m/nofp/libg.a(lib_a-mlock.o)
                0x000000001000c184                __malloc_unlock
 .text.realloc  0x000000001000c194       0x18 /opt/homebrew/Cellar/arm-none-eabi-gcc/10-2020-q4-major/gcc/bin/../lib/gcc/arm-none-eabi/10.2.1/../../../../arm-none-eabi/lib/thumb/v6-m/nofp/libg.a(lib_a-realloc.o)
                0x000000001000c194                realloc
 .text._realloc_r
                0x000000001000c1ac      0x358 /opt/homebrew/Cellar/arm-none-eabi-gcc/10-2020-q4-major/gcc/bin/../lib/gcc/arm-none-eabi/10.2.1/../../../../arm-none-eabi/lib/thumb/v6-m/nofp/libg.a(lib_a-reallocr.o)
                0x000000001000c1ac                _realloc_r
 .text._sbrk_r  0x000000001000c504       0x24 /opt/homebrew/Cellar/arm-none-eabi-gcc/10-2020-q4-major/gcc/bin/../lib/gcc/arm-none-eabi/10.2.1/../../../../arm-none-eabi/lib/thumb/v6-m/nofp/libg.a(lib_a-sbrkr.o)
                0x000000001000c504                _sbrk_r
 .text.sscanf   0x000000001000c528       0x50 /opt/homebrew/Cellar/arm-none-eabi-gcc/10-2020-q4-major/gcc/bin/../lib/gcc/arm-none-eabi/10.2.1/../../../../arm-none-eabi/lib/thumb/v6-m/nofp/libg.a(lib_a-sscanf.o)
                0x000000001000c528                sscanf
 .text.__seofread
                0x000000001000c578        0x4 /opt/homebrew/Cellar/arm-none-eabi-gcc/10-2020-q4-major/gcc/bin/../lib/gcc/arm-none-eabi/10.2.1/../../../../arm-none-eabi/lib/thumb/v6-m/nofp/libg.a(lib_a-stdio.o)
                0x000000001000c578                __seofread
 .text.strlen   0x000000001000c57c       0x5c /opt/homebrew/Cellar/arm-none-eabi-gcc/10-2020-q4-major/gcc/bin/../lib/gcc/arm-none-eabi/10.2.1/../../../../arm-none-eabi/lib/thumb/v6-m/nofp/libg.a(lib_a-strlen-stub.o)
                0x000000001000c57c                strlen
 .text.__ssvfscanf_r